Component: ARM Compiler 5.06 update 7 (build 960) Tool: armlink [4d3601]

==============================================================================

Section Cross References

    startup_stm32h743xx.o(STACK) refers (Special) to heapauxi.o(.text) for __use_two_region_memory
    startup_stm32h743xx.o(HEAP) refers (Special) to heapauxi.o(.text) for __use_two_region_memory
    startup_stm32h743xx.o(RESET) refers (Special) to heapauxi.o(.text) for __use_two_region_memory
    startup_stm32h743xx.o(RESET) refers to startup_stm32h743xx.o(STACK) for __initial_sp
    startup_stm32h743xx.o(RESET) refers to startup_stm32h743xx.o(.text) for Reset_Handler
    startup_stm32h743xx.o(RESET) refers to stm32h7xx_it.o(i.NMI_Handler) for NMI_Handler
    startup_stm32h743xx.o(RESET) refers to stm32h7xx_it.o(i.HardFault_Handler) for HardFault_Handler
    startup_stm32h743xx.o(RESET) refers to stm32h7xx_it.o(i.MemManage_Handler) for MemManage_Handler
    startup_stm32h743xx.o(RESET) refers to stm32h7xx_it.o(i.BusFault_Handler) for BusFault_Handler
    startup_stm32h743xx.o(RESET) refers to stm32h7xx_it.o(i.UsageFault_Handler) for UsageFault_Handler
    startup_stm32h743xx.o(RESET) refers to stm32h7xx_it.o(i.SVC_Handler) for SVC_Handler
    startup_stm32h743xx.o(RESET) refers to stm32h7xx_it.o(i.DebugMon_Handler) for DebugMon_Handler
    startup_stm32h743xx.o(RESET) refers to stm32h7xx_it.o(i.PendSV_Handler) for PendSV_Handler
    startup_stm32h743xx.o(RESET) refers to stm32h7xx_it.o(i.SysTick_Handler) for SysTick_Handler
    startup_stm32h743xx.o(RESET) refers to stm32h7xx_it.o(i.EXTI0_IRQHandler) for EXTI0_IRQHandler
    startup_stm32h743xx.o(RESET) refers to stm32h7xx_it.o(i.EXTI1_IRQHandler) for EXTI1_IRQHandler
    startup_stm32h743xx.o(RESET) refers to stm32h7xx_it.o(i.DMA1_Stream0_IRQHandler) for DMA1_Stream0_IRQHandler
    startup_stm32h743xx.o(RESET) refers to stm32h7xx_it.o(i.ADC_IRQHandler) for ADC_IRQHandler
    startup_stm32h743xx.o(RESET) refers to stm32h7xx_it.o(i.FDCAN1_IT0_IRQHandler) for FDCAN1_IT0_IRQHandler
    startup_stm32h743xx.o(RESET) refers to stm32h7xx_it.o(i.TIM3_IRQHandler) for TIM3_IRQHandler
    startup_stm32h743xx.o(RESET) refers to stm32h7xx_it.o(i.TIM4_IRQHandler) for TIM4_IRQHandler
    startup_stm32h743xx.o(RESET) refers to stm32h7xx_it.o(i.USART3_IRQHandler) for USART3_IRQHandler
    startup_stm32h743xx.o(RESET) refers to stm32h7xx_it.o(i.TIM5_IRQHandler) for TIM5_IRQHandler
    startup_stm32h743xx.o(.text) refers (Special) to heapauxi.o(.text) for __use_two_region_memory
    startup_stm32h743xx.o(.text) refers to system_stm32h7xx.o(i.SystemInit) for SystemInit
    startup_stm32h743xx.o(.text) refers to __main.o(!!!main) for __main
    startup_stm32h743xx.o(.text) refers to startup_stm32h743xx.o(HEAP) for Heap_Mem
    startup_stm32h743xx.o(.text) refers to startup_stm32h743xx.o(STACK) for Stack_Mem
    main.o(i.HAL_GPIO_EXTI_Callback) refers to stm32h7xx_hal.o(i.HAL_GetTick) for HAL_GetTick
    main.o(i.HAL_GPIO_EXTI_Callback) refers to main.o(.data) for tim_3
    main.o(i.HAL_GPIO_EXTI_Callback) refers to bsp_can_fd_1.o(.bss) for can_data
    main.o(i.SystemClock_Config) refers to rt_memclr_w.o(.text) for __aeabi_memclr4
    main.o(i.SystemClock_Config) refers to stm32h7xx_hal_pwr_ex.o(i.HAL_PWREx_ConfigSupply) for HAL_PWREx_ConfigSupply
    main.o(i.SystemClock_Config) refers to stm32h7xx_hal_rcc.o(i.HAL_RCC_OscConfig) for HAL_RCC_OscConfig
    main.o(i.SystemClock_Config) refers to main.o(i.Error_Handler) for Error_Handler
    main.o(i.SystemClock_Config) refers to stm32h7xx_hal_rcc.o(i.HAL_RCC_ClockConfig) for HAL_RCC_ClockConfig
    main.o(i.main) refers to stm32h7xx_hal.o(i.HAL_Init) for HAL_Init
    main.o(i.main) refers to main.o(i.SystemClock_Config) for SystemClock_Config
    main.o(i.main) refers to dma.o(i.MX_DMA_Init) for MX_DMA_Init
    main.o(i.main) refers to gpio.o(i.MX_GPIO_Init) for MX_GPIO_Init
    main.o(i.main) refers to adc.o(i.MX_ADC1_Init) for MX_ADC1_Init
    main.o(i.main) refers to hrtim.o(i.MX_HRTIM_Init) for MX_HRTIM_Init
    main.o(i.main) refers to fdcan.o(i.MX_FDCAN1_Init) for MX_FDCAN1_Init
    main.o(i.main) refers to i2c.o(i.MX_I2C1_Init) for MX_I2C1_Init
    main.o(i.main) refers to tim.o(i.MX_TIM3_Init) for MX_TIM3_Init
    main.o(i.main) refers to tim.o(i.MX_TIM4_Init) for MX_TIM4_Init
    main.o(i.main) refers to tim.o(i.MX_TIM5_Init) for MX_TIM5_Init
    main.o(i.main) refers to usart.o(i.MX_USART2_UART_Init) for MX_USART2_UART_Init
    main.o(i.main) refers to usart.o(i.MX_USART3_UART_Init) for MX_USART3_UART_Init
    main.o(i.main) refers to init_task.o(i.Init_Task) for Init_Task
    gpio.o(i.MX_GPIO_Init) refers to rt_memclr_w.o(.text) for __aeabi_memclr4
    gpio.o(i.MX_GPIO_Init) refers to stm32h7xx_hal_gpio.o(i.HAL_GPIO_WritePin) for HAL_GPIO_WritePin
    gpio.o(i.MX_GPIO_Init) refers to stm32h7xx_hal_gpio.o(i.HAL_GPIO_Init) for HAL_GPIO_Init
[...]
    __rt_entry_li                            0x0800035f   Thumb Code     0  __rtentry2.o(.ARM.Collect$$rtentry$$0000000A)
    __rt_entry_postsh_1                      0x0800035f   Thumb Code     0  __rtentry2.o(.ARM.Collect$$rtentry$$00000009)
    __rt_entry_main                          0x08000363   Thumb Code     0  __rtentry2.o(.ARM.Collect$$rtentry$$0000000D)
    __rt_entry_postli_1                      0x08000363   Thumb Code     0  __rtentry2.o(.ARM.Collect$$rtentry$$0000000C)
    __rt_exit                                0x0800036b   Thumb Code     0  rtexit.o(.ARM.Collect$$rtexit$$00000000)
    __rt_exit_ls                             0x0800036d   Thumb Code     0  rtexit2.o(.ARM.Collect$$rtexit$$00000003)
    __rt_exit_prels_1                        0x0800036d   Thumb Code     0  rtexit2.o(.ARM.Collect$$rtexit$$00000002)
    __rt_exit_exit                           0x08000371   Thumb Code     0  rtexit2.o(.ARM.Collect$$rtexit$$00000004)
    Reset_Handler                            0x08000379   Thumb Code     8  startup_stm32h743xx.o(.text)
    ADC3_IRQHandler                          0x08000393   Thumb Code     0  startup_stm32h743xx.o(.text)
    BDMA_Channel0_IRQHandler                 0x08000393   Thumb Code     0  startup_stm32h743xx.o(.text)
    BDMA_Channel1_IRQHandler                 0x08000393   Thumb Code     0  startup_stm32h743xx.o(.text)
    BDMA_Channel2_IRQHandler                 0x08000393   Thumb Code     0  startup_stm32h743xx.o(.text)
    BDMA_Channel3_IRQHandler                 0x08000393   Thumb Code     0  startup_stm32h743xx.o(.text)
    BDMA_Channel4_IRQHandler                 0x08000393   Thumb Code     0  startup_stm32h743xx.o(.text)
    BDMA_Channel5_IRQHandler                 0x08000393   Thumb Code     0  startup_stm32h743xx.o(.text)
    BDMA_Channel6_IRQHandler                 0x08000393   Thumb Code     0  startup_stm32h743xx.o(.text)
    BDMA_Channel7_IRQHandler                 0x08000393   Thumb Code     0  startup_stm32h743xx.o(.text)
    CEC_IRQHandler                           0x08000393   Thumb Code     0  startup_stm32h743xx.o(.text)
    COMP1_IRQHandler                         0x08000393   Thumb Code     0  startup_stm32h743xx.o(.text)
    CRS_IRQHandler                           0x08000393   Thumb Code     0  startup_stm32h743xx.o(.text)
    DCMI_IRQHandler                          0x08000393   Thumb Code     0  startup_stm32h743xx.o(.text)
    DFSDM1_FLT0_IRQHandler                   0x08000393   Thumb Code     0  startup_stm32h743xx.o(.text)
    DFSDM1_FLT1_IRQHandler                   0x08000393   Thumb Code     0  startup_stm32h743xx.o(.text)
    DFSDM1_FLT2_IRQHandler                   0x08000393   Thumb Code     0  startup_stm32h743xx.o(.text)
    DFSDM1_FLT3_IRQHandler                   0x08000393   Thumb Code     0  startup_stm32h743xx.o(.text)
    DMA1_Stream1_IRQHandler                  0x08000393   Thumb Code     0  startup_stm32h743xx.o(.text)
    DMA1_Stream2_IRQHandler                  0x08000393   Thumb Code     0  startup_stm32h743xx.o(.text)
    DMA1_Stream3_IRQHandler                  0x08000393   Thumb Code     0  startup_stm32h743xx.o(.text)
    DMA1_Stream4_IRQHandler                  0x08000393   Thumb Code     0  startup_stm32h743xx.o(.text)
    DMA1_Stream5_IRQHandler                  0x08000393   Thumb Code     0  startup_stm32h743xx.o(.text)
    DMA1_Stream6_IRQHandler                  0x08000393   Thumb Code     0  startup_stm32h743xx.o(.text)
    DMA1_Stream7_IRQHandler                  0x08000393   Thumb Code     0  startup_stm32h743xx.o(.text)
    DMA2D_IRQHandler                         0x08000393   Thumb Code     0  startup_stm32h743xx.o(.text)
    DMA2_Stream0_IRQHandler                  0x08000393   Thumb Code     0  startup_stm32h743xx.o(.text)
    DMA2_Stream1_IRQHandler                  0x08000393   Thumb Code     0  startup_stm32h743xx.o(.text)
    DMA2_Stream2_IRQHandler                  0x08000393   Thumb Code     0  startup_stm32h743xx.o(.text)
    DMA2_Stream3_IRQHandler                  0x08000393   Thumb Code     0  startup_stm32h743xx.o(.text)
    DMA2_Stream4_IRQHandler                  0x08000393   Thumb Code     0  startup_stm32h743xx.o(.text)
    DMA2_Stream5_IRQHandler                  0x08000393   Thumb Code     0  startup_stm32h743xx.o(.text)
    DMA2_Stream6_IRQHandler                  0x08000393   Thumb Code     0  startup_stm32h743xx.o(.text)
    DMA2_Stream7_IRQHandler                  0x08000393   Thumb Code     0  startup_stm32h743xx.o(.text)
    DMAMUX1_OVR_IRQHandler                   0x08000393   Thumb Code     0  startup_stm32h743xx.o(.text)
    DMAMUX2_OVR_IRQHandler                   0x08000393   Thumb Code     0  startup_stm32h743xx.o(.text)
    ECC_IRQHandler                           0x08000393   Thumb Code     0  startup_stm32h743xx.o(.text)
    ETH_IRQHandler                           0x08000393   Thumb Code     0  startup_stm32h743xx.o(.text)
    ETH_WKUP_IRQHandler                      0x08000393   Thumb Code     0  startup_stm32h743xx.o(.text)
    EXTI15_10_IRQHandler                     0x08000393   Thumb Code     0  startup_stm32h743xx.o(.text)
    EXTI2_IRQHandler                         0x08000393   Thumb Code     0  startup_stm32h743xx.o(.text)
    EXTI3_IRQHandler                         0x08000393   Thumb Code     0  startup_stm32h743xx.o(.text)
    EXTI4_IRQHandler                         0x08000393   Thumb Code     0  startup_stm32h743xx.o(.text)
    EXTI9_5_IRQHandler                       0x08000393   Thumb Code     0  startup_stm32h743xx.o(.text)
    FDCAN1_IT1_IRQHandler                    0x08000393   Thumb Code     0  startup_stm32h743xx.o(.text)
    FDCAN2_IT0_IRQHandler                    0x08000393   Thumb Code     0  startup_stm32h743xx.o(.text)
    FDCAN2_IT1_IRQHandler                    0x08000393   Thumb Code     0  startup_stm32h743xx.o(.text)
    FDCAN_CAL_IRQHandler                     0x08000393   Thumb Code     0  startup_stm32h743xx.o(.text)
    FLASH_IRQHandler                         0x08000393   Thumb Code     0  startup_stm32h743xx.o(.text)
    FMC_IRQHandler                           0x08000393   Thumb Code     0  startup_stm32h743xx.o(.text)
    FPU_IRQHandler                           0x08000393   Thumb Code     0  startup_stm32h743xx.o(.text)
    HRTIM1_FLT_IRQHandler                    0x08000393   Thumb Code     0  startup_stm32h743xx.o(.text)
    HRTIM1_Master_IRQHandler                 0x08000393   Thumb Code     0  startup_stm32h743xx.o(.text)
    HRTIM1_TIMA_IRQHandler                   0x08000393   Thumb Code     0  startup_stm32h743xx.o(.text)
    HRTIM1_TIMB_IRQHandler                   0x08000393   Thumb Code     0  startup_stm32h743xx.o(.text)
    HRTIM1_TIMC_IRQHandler                   0x08000393   Thumb Code     0  startup_stm32h743xx.o(.text)
    HRTIM1_TIMD_IRQHandler                   0x08000393   Thumb Code     0  startup_stm32h743xx.o(.text)
    HRTIM1_TIME_IRQHandler                   0x08000393   Thumb Code     0  startup_stm32h743xx.o(.text)
    HSEM1_IRQHandler                         0x08000393   Thumb Code     0  startup_stm32h743xx.o(.text)
    I2C1_ER_IRQHandler                       0x08000393   Thumb Code     0  startup_stm32h743xx.o(.text)
    I2C1_EV_IRQHandler                       0x08000393   Thumb Code     0  startup_stm32h743xx.o(.text)
    I2C2_ER_IRQHandler                       0x08000393   Thumb Code     0  startup_stm32h743xx.o(.text)
    I2C2_EV_IRQHandler                       0x08000393   Thumb Code     0  startup_stm32h743xx.o(.text)
    I2C3_ER_IRQHandler                       0x08000393   Thumb Code     0  startup_stm32h743xx.o(.text)
    I2C3_EV_IRQHandler                       0x08000393   Thumb Code     0  startup_stm32h743xx.o(.text)
    I2C4_ER_IRQHandler                       0x08000393   Thumb Code     0  startup_stm32h743xx.o(.text)
    I2C4_EV_IRQHandler                       0x08000393   Thumb Code     0  startup_stm32h743xx.o(.text)
    JPEG_IRQHandler                          0x08000393   Thumb Code     0  startup_stm32h743xx.o(.text)
    LPTIM1_IRQHandler                        0x08000393   Thumb Code     0  startup_stm32h743xx.o(.text)
    LPTIM2_IRQHandler                        0x08000393   Thumb Code     0  startup_stm32h743xx.o(.text)
    LPTIM3_IRQHandler                        0x08000393   Thumb Code     0  startup_stm32h743xx.o(.text)
    LPTIM4_IRQHandler                        0x08000393   Thumb Code     0  startup_stm32h743xx.o(.text)
    LPTIM5_IRQHandler                        0x08000393   Thumb Code     0  startup_stm32h743xx.o(.text)
    LPUART1_IRQHandler                       0x08000393   Thumb Code     0  startup_stm32h743xx.o(.text)
    LTDC_ER_IRQHandler                       0x08000393   Thumb Code     0  startup_stm32h743xx.o(.text)
    LTDC_IRQHandler                          0x08000393   Thumb Code     0  startup_stm32h743xx.o(.text)
    MDIOS_IRQHandler                         0x08000393   Thumb Code     0  startup_stm32h743xx.o(.text)
    MDIOS_WKUP_IRQHandler                    0x08000393   Thumb Code     0  startup_stm32h743xx.o(.text)
    MDMA_IRQHandler                          0x08000393   Thumb Code     0  startup_stm32h743xx.o(.text)
    OTG_FS_EP1_IN_IRQHandler                 0x08000393   Thumb Code     0  startup_stm32h743xx.o(.text)
    OTG_FS_EP1_OUT_IRQHandler                0x08000393   Thumb Code     0  startup_stm32h743xx.o(.text)
    OTG_FS_IRQHandler                        0x08000393   Thumb Code     0  startup_stm32h743xx.o(.text)
    OTG_FS_WKUP_IRQHandler                   0x08000393   Thumb Code     0  startup_stm32h743xx.o(.text)
    OTG_HS_EP1_IN_IRQHandler                 0x08000393   Thumb Code     0  startup_stm32h743xx.o(.text)
    OTG_HS_EP1_OUT_IRQHandler                0x08000393   Thumb Code     0  startup_stm32h743xx.o(.text)
    OTG_HS_IRQHandler                        0x08000393   Thumb Code     0  startup_stm32h743xx.o(.text)
    OTG_HS_WKUP_IRQHandler                   0x08000393   Thumb Code     0  startup_stm32h743xx.o(.text)
    PVD_AVD_IRQHandler                       0x08000393   Thumb Code     0  startup_stm32h743xx.o(.text)
    QUADSPI_IRQHandler                       0x08000393   Thumb Code     0  startup_stm32h743xx.o(.text)
    RCC_IRQHandler                           0x08000393   Thumb Code     0  startup_stm32h743xx.o(.text)
    RNG_IRQHandler                           0x08000393   Thumb Code     0  startup_stm32h743xx.o(.text)
    RTC_Alarm_IRQHandler                     0x08000393   Thumb Code     0  startup_stm32h743xx.o(.text)
    RTC_WKUP_IRQHandler                      0x08000393   Thumb Code     0  startup_stm32h743xx.o(.text)
    SAI1_IRQHandler                          0x08000393   Thumb Code     0  startup_stm32h743xx.o(.text)
    SAI2_IRQHandler                          0x08000393   Thumb Code     0  startup_stm32h743xx.o(.text)
    SAI3_IRQHandler                          0x08000393   Thumb Code     0  startup_stm32h743xx.o(.text)
    SAI4_IRQHandler                          0x08000393   Thumb Code     0  startup_stm32h743xx.o(.text)
    SDMMC1_IRQHandler                        0x08000393   Thumb Code     0  startup_stm32h743xx.o(.text)
    SDMMC2_IRQHandler                        0x08000393   Thumb Code     0  startup_stm32h743xx.o(.text)
    SPDIF_RX_IRQHandler                      0x08000393   Thumb Code     0  startup_stm32h743xx.o(.text)
    SPI1_IRQHandler                          0x08000393   Thumb Code     0  startup_stm32h743xx.o(.text)
    SPI2_IRQHandler                          0x08000393   Thumb Code     0  startup_stm32h743xx.o(.text)
    SPI3_IRQHandler                          0x08000393   Thumb Code     0  startup_stm32h743xx.o(.text)
    SPI4_IRQHandler                          0x08000393   Thumb Code     0  startup_stm32h743xx.o(.text)
    SPI5_IRQHandler                          0x08000393   Thumb Code     0  startup_stm32h743xx.o(.text)
    SPI6_IRQHandler                          0x08000393   Thumb Code     0  startup_stm32h743xx.o(.text)
    SWPMI1_IRQHandler                        0x08000393   Thumb Code     0  startup_stm32h743xx.o(.text)
    TAMP_STAMP_IRQHandler                    0x08000393   Thumb Code     0  startup_stm32h743xx.o(.text)
    TIM15_IRQHandler                         0x08000393   Thumb Code     0  startup_stm32h743xx.o(.text)
    TIM16_IRQHandler                         0x08000393   Thumb Code     0  startup_stm32h743xx.o(.text)
    TIM17_IRQHandler                         0x08000393   Thumb Code     0  startup_stm32h743xx.o(.text)
    TIM1_BRK_IRQHandler                      0x08000393   Thumb Code     0  startup_stm32h743xx.o(.text)
    TIM1_CC_IRQHandler                       0x08000393   Thumb Code     0  startup_stm32h743xx.o(.text)
    TIM1_TRG_COM_IRQHandler                  0x08000393   Thumb Code     0  startup_stm32h743xx.o(.text)
    TIM1_UP_IRQHandler                       0x08000393   Thumb Code     0  startup_stm32h743xx.o(.text)
    TIM2_IRQHandler                          0x08000393   Thumb Code     0  startup_stm32h743xx.o(.text)
    TIM6_DAC_IRQHandler                      0x08000393   Thumb Code     0  startup_stm32h743xx.o(.text)
    TIM7_IRQHandler                          0x08000393   Thumb Code     0  startup_stm32h743xx.o(.text)
    TIM8_BRK_TIM12_IRQHandler                0x08000393   Thumb Code     0  startup_stm32h743xx.o(.text)
    TIM8_CC_IRQHandler                       0x08000393   Thumb Code     0  startup_stm32h743xx.o(.text)
    TIM8_TRG_COM_TIM14_IRQHandler            0x08000393   Thumb Code     0  startup_stm32h743xx.o(.text)
    TIM8_UP_TIM13_IRQHandler                 0x08000393   Thumb Code     0  startup_stm32h743xx.o(.text)
    UART4_IRQHandler                         0x08000393   Thumb Code     0  startup_stm32h743xx.o(.text)
    UART5_IRQHandler                         0x08000393   Thumb Code     0  startup_stm32h743xx.o(.text)
    UART7_IRQHandler                         0x08000393   Thumb Code     0  startup_stm32h743xx.o(.text)
    UART8_IRQHandler                         0x08000393   Thumb Code     0  startup_stm32h743xx.o(.text)
    USART1_IRQHandler                        0x08000393   Thumb Code     0  startup_stm32h743xx.o(.text)
    USART2_IRQHandler                        0x08000393   Thumb Code     0  startup_stm32h743xx.o(.text)
    USART6_IRQHandler                        0x08000393   Thumb Code     0  startup_stm32h743xx.o(.text)
    WAKEUP_PIN_IRQHandler                    0x08000393   Thumb Code     0  startup_stm32h743xx.o(.text)
    WWDG_IRQHandler                          0x08000393   Thumb Code     0  startup_stm32h743xx.o(.text)
    __user_initial_stackheap                 0x08000395   Thumb Code     0  startup_stm32h743xx.o(.text)
    __aeabi_uldivmod                         0x080003b9   Thumb Code     0  lludivv7m.o(.text)
    _ll_udiv                                 0x080003b9   Thumb Code   238  lludivv7m.o(.text)
    __aeabi_memcpy4                          0x080004a7   Thumb Code     0  rt_memcpy_w.o(.text)
    __aeabi_memcpy8                          0x080004a7   Thumb Code     0  rt_memcpy_w.o(.text)
    __rt_memcpy_w                            0x080004a7   Thumb Code   100  rt_memcpy_w.o(.text)
    _memcpy_lastbytes_aligned                0x080004ef   Thumb Code     0  rt_memcpy_w.o(.text)
    __aeabi_memclr4                          0x0800050b   Thumb Code     0  rt_memclr_w.o(.text)
    __aeabi_memclr8                          0x0800050b   Thumb Code     0  rt_memclr_w.o(.text)
    __rt_memclr_w                            0x0800050b   Thumb Code    78  rt_memclr_w.o(.text)
    _memset_w                                0x0800050f   Thumb Code     0  rt_memclr_w.o(.text)
    __use_two_region_memory                  0x08000559   Thumb Code     2  heapauxi.o(.text)
    __rt_heap_escrow$2region                 0x0800055b   Thumb Code     2  heapauxi.o(.text)
    __rt_heap_expand$2region                 0x0800055d   Thumb Code     2  heapauxi.o(.text)
    __user_libspace                          0x08000561   Thumb Code     8  libspace.o(.text)
    __user_perproc_libspace                  0x08000561   Thumb Code     0  libspace.o(.text)
    __user_perthread_libspace                0x08000561   Thumb Code     0  libspace.o(.text)
    __user_setup_stackheap                   0x08000569   Thumb Code    74  sys_stackheap_outer.o(.text)
    exit                                     0x080005b3   Thumb Code    18  exit.o(.text)
    _sys_exit                                0x080005c5   Thumb Code     8  sys_exit.o(.text)
    __I$use$semihosting                      0x080005d1   Thumb Code     0  use_no_semi.o(.text)
    __use_no_semihosting_swi                 0x080005d1   Thumb Code     2  use_no_semi.o(.text)
    __semihosting_library_function           0x080005d3   Thumb Code     0  indicate_semi.o(.text)
    ADC_ConfigureBoostMode                   0x080005d5   Thumb Code   322  stm32h7xx_hal_adc.o(i.ADC_ConfigureBoostMode)
    ADC_DMAConvCplt                          0x08000739   Thumb Code   146  stm32h7xx_hal_adc.o(i.ADC_DMAConvCplt)
    ADC_DMAError                             0x080007cb   Thumb Code    30  stm32h7xx_hal_adc.o(i.ADC_DMAError)
    ADC_DMAHalfConvCplt                      0x080007e9   Thumb Code    14  stm32h7xx_hal_adc.o(i.ADC_DMAHalfConvCplt)
    ADC_Enable                               0x080007f9   Thumb Code   182  stm32h7xx_hal_adc.o(i.ADC_Enable)
    ADC_Handle                               0x080008c5   Thumb Code   412  task.o(i.ADC_Handle)
    ADC_IRQHandler                           0x08000ac1   Thumb Code    10  stm32h7xx_it.o(i.ADC_IRQHandler)
    BusFault_Handler                         0x08000ad1   Thumb Code     4  stm32h7xx_it.o(i.BusFault_Handler)
    Can_Send_Data_Can                        0x08000ad5   Thumb Code   186  bsp_can_fd_1.o(i.Can_Send_Data_Can)
    DMA1_Stream0_IRQHandler                  0x08000ba9   Thumb Code    10  stm32h7xx_it.o(i.DMA1_Stream0_IRQHandler)
    DWT_GetDeltaT                            0x08001125   Thumb Code    62  task.o(i.DWT_GetDeltaT)
    DWT_Init                                 0x08001175   Thumb Code    54  task.o(i.DWT_Init)
    DebugMon_Handler                         0x080011c9   Thumb Code     2  stm32h7xx_it.o(i.DebugMon_Handler)
    EXTI0_IRQHandler                         0x080011cb   Thumb Code    10  stm32h7xx_it.o(i.EXTI0_IRQHandler)
    EXTI1_IRQHandler                         0x080011d5   Thumb Code    10  stm32h7xx_it.o(i.EXTI1_IRQHandler)
    Error_Handler                            0x080011df   Thumb Code     6  main.o(i.Error_Handler)
    FDCAN1_IT0_IRQHandler                    0x080011e5   Thumb Code    10  stm32h7xx_it.o(i.FDCAN1_IT0_IRQHandler)
    FDCAN_Init                               0x080014e5   Thumb Code   112  bsp_can_fd_1.o(i.FDCAN_Init)
    Filter_ADC_Function                      0x08001559   Thumb Code    60  lib.o(i.Filter_ADC_Function)
    HAL_ADCEx_EndOfSamplingCallback          0x08001595   Thumb Code     2  stm32h7xx_hal_adc_ex.o(i.HAL_ADCEx_EndOfSamplingCallback)
    HAL_ADCEx_InjectedConvCpltCallback       0x08001597   Thumb Code     2  stm32h7xx_hal_adc_ex.o(i.HAL_ADCEx_InjectedConvCpltCallback)
    HAL_ADCEx_InjectedQueueOverflowCallback  0x08001599   Thumb Code     2  stm32h7xx_hal_adc_ex.o(i.HAL_ADCEx_InjectedQueueOverflowCallback)
    HAL_ADCEx_LevelOutOfWindow2Callback      0x0800159b   Thumb Code     2  stm32h7xx_hal_adc_ex.o(i.HAL_ADCEx_LevelOutOfWindow2Callback)
    HAL_ADCEx_LevelOutOfWindow3Callback      0x0800159d   Thumb Code     2  stm32h7xx_hal_adc_ex.o(i.HAL_ADCEx_LevelOutOfWindow3Callback)
    HAL_ADCEx_MultiModeConfigChannel         0x080015a1   Thumb Code   336  stm32h7xx_hal_adc_ex.o(i.HAL_ADCEx_MultiModeConfigChannel)
    HAL_ADC_ConfigChannel                    0x08001705   Thumb Code  1314  stm32h7xx_hal_adc.o(i.HAL_ADC_ConfigChannel)
    HAL_ADC_ConvCpltCallback                 0x08001c51   Thumb Code     2  stm32h7xx_hal_adc.o(i.HAL_ADC_ConvCpltCallback)
    HAL_ADC_ConvHalfCpltCallback             0x08001c53   Thumb Code     2  stm32h7xx_hal_adc.o(i.HAL_ADC_ConvHalfCpltCallback)
    HAL_ADC_ErrorCallback                    0x08001c55   Thumb Code     2  stm32h7xx_hal_adc.o(i.HAL_ADC_ErrorCallback)
    HAL_ADC_IRQHandler                       0x08001c59   Thumb Code   840  stm32h7xx_hal_adc.o(i.HAL_ADC_IRQHandler)
    HAL_ADC_Init                             0x08001fb1   Thumb Code   608  stm32h7xx_hal_adc.o(i.HAL_ADC_Init)
    HAL_ADC_LevelOutOfWindowCallback         0x0800223d   Thumb Code     2  stm32h7xx_hal_adc.o(i.HAL_ADC_LevelOutOfWindowCallback)
    HAL_ADC_MspInit                          0x08002241   Thumb Code   346  adc.o(i.HAL_ADC_MspInit)
    HAL_ADC_Start_DMA                        0x080023b9   Thumb Code   278  stm32h7xx_hal_adc.o(i.HAL_ADC_Start_DMA)
    HAL_DMA_Abort                            0x080024ed   Thumb Code  1236  stm32h7xx_hal_dma.o(i.HAL_DMA_Abort)
    HAL_DMA_Abort_IT                         0x080029c9   Thumb Code   906  stm32h7xx_hal_dma.o(i.HAL_DMA_Abort_IT)
    HAL_DMA_IRQHandler                       0x08002d61   Thumb Code  2798  stm32h7xx_hal_dma.o(i.HAL_DMA_IRQHandler)
    HAL_DMA_Init                             0x08003859   Thumb Code  1304  stm32h7xx_hal_dma.o(i.HAL_DMA_Init)
    HAL_DMA_Start_IT                         0x08003d79   Thumb Code   980  stm32h7xx_hal_dma.o(i.HAL_DMA_Start_IT)
    HAL_Delay                                0x08004159   Thumb Code    36  stm32h7xx_hal.o(i.HAL_Delay)
    HAL_FDCAN_ActivateNotification           0x08004181   Thumb Code   158  stm32h7xx_hal_fdcan.o(i.HAL_FDCAN_ActivateNotification)
    HAL_FDCAN_AddMessageToTxFifoQ            0x08004229   Thumb Code   144  stm32h7xx_hal_fdcan.o(i.HAL_FDCAN_AddMessageToTxFifoQ)
    HAL_FDCAN_ClockCalibrationCallback       0x080042b9   Thumb Code     2  stm32h7xx_hal_fdcan.o(i.HAL_FDCAN_ClockCalibrationCallback)
    HAL_FDCAN_ConfigFilter                   0x080042bb   Thumb Code   168  stm32h7xx_hal_fdcan.o(i.HAL_FDCAN_ConfigFilter)
    HAL_FDCAN_ConfigGlobalFilter             0x08004363   Thumb Code    52  stm32h7xx_hal_fdcan.o(i.HAL_FDCAN_ConfigGlobalFilter)
    HAL_FDCAN_ErrorCallback                  0x08004397   Thumb Code     2  stm32h7xx_hal_fdcan.o(i.HAL_FDCAN_ErrorCallback)
    HAL_FDCAN_ErrorStatusCallback            0x08004399   Thumb Code     2  stm32h7xx_hal_fdcan.o(i.HAL_FDCAN_ErrorStatusCallback)
    HAL_FDCAN_GetRxMessage                   0x0800439d   Thumb Code   494  stm32h7xx_hal_fdcan.o(i.HAL_FDCAN_GetRxMessage)
    HAL_FDCAN_HighPriorityMessageCallback    0x08004591   Thumb Code     2  stm32h7xx_hal_fdcan.o(i.HAL_FDCAN_HighPriorityMessageCallback)
    HAL_FDCAN_IRQHandler                     0x08004595   Thumb Code   966  stm32h7xx_hal_fdcan.o(i.HAL_FDCAN_IRQHandler)
    HAL_FDCAN_Init                           0x08004969   Thumb Code   726  stm32h7xx_hal_fdcan.o(i.HAL_FDCAN_Init)
    HAL_FDCAN_MspInit                        0x08004c49   Thumb Code   162  fdcan.o(i.HAL_FDCAN_MspInit)
    HAL_FDCAN_RxBufferNewMessageCallback     0x08004cf9   Thumb Code     2  stm32h7xx_hal_fdcan.o(i.HAL_FDCAN_RxBufferNewMessageCallback)
    HAL_FDCAN_RxFifo0Callback                0x08004cfd   Thumb Code    54  bsp_can_fd_1.o(i.HAL_FDCAN_RxFifo0Callback)
    HAL_FDCAN_RxFifo1Callback                0x08004d45   Thumb Code     2  stm32h7xx_hal_fdcan.o(i.HAL_FDCAN_RxFifo1Callback)
    HAL_FDCAN_Start                          0x08004d47   Thumb Code    52  stm32h7xx_hal_fdcan.o(i.HAL_FDCAN_Start)
    HAL_FDCAN_TT_GlobalTimeCallback          0x08004d7b   Thumb Code     2  stm32h7xx_hal_fdcan.o(i.HAL_FDCAN_TT_GlobalTimeCallback)
    HAL_FDCAN_TT_ScheduleSyncCallback        0x08004d7d   Thumb Code     2  stm32h7xx_hal_fdcan.o(i.HAL_FDCAN_TT_ScheduleSyncCallback)
    HAL_FDCAN_TT_StopWatchCallback           0x08004d7f   Thumb Code     2  stm32h7xx_hal_fdcan.o(i.HAL_FDCAN_TT_StopWatchCallback)
    HAL_FDCAN_TT_TimeMarkCallback            0x08004d81   Thumb Code     2  stm32h7xx_hal_fdcan.o(i.HAL_FDCAN_TT_TimeMarkCallback)
    HAL_FDCAN_TimeoutOccurredCallback        0x08004d83   Thumb Code     2  stm32h7xx_hal_fdcan.o(i.HAL_FDCAN_TimeoutOccurredCallback)
    HAL_FDCAN_TimestampWraparoundCallback    0x08004d85   Thumb Code     2  stm32h7xx_hal_fdcan.o(i.HAL_FDCAN_TimestampWraparoundCallback)
    HAL_FDCAN_TxBufferAbortCallback          0x08004d87   Thumb Code     2  stm32h7xx_hal_fdcan.o(i.HAL_FDCAN_TxBufferAbortCallback)
    HAL_FDCAN_TxBufferCompleteCallback       0x08004d89   Thumb Code     2  stm32h7xx_hal_fdcan.o(i.HAL_FDCAN_TxBufferCompleteCallback)
    HAL_FDCAN_TxEventFifoCallback            0x08004d8b   Thumb Code     2  stm32h7xx_hal_fdcan.o(i.HAL_FDCAN_TxEventFifoCallback)
    HAL_FDCAN_TxFifoEmptyCallback            0x08004d8d   Thumb Code     2  stm32h7xx_hal_fdcan.o(i.HAL_FDCAN_TxFifoEmptyCallback)
    HAL_GPIO_EXTI_Callback                   0x08004d91   Thumb Code    92  main.o(i.HAL_GPIO_EXTI_Callback)
    HAL_GPIO_EXTI_IRQHandler                 0x08004df9   Thumb Code    24  stm32h7xx_hal_gpio.o(i.HAL_GPIO_EXTI_IRQHandler)
    HAL_GPIO_Init                            0x08004e15   Thumb Code   456  stm32h7xx_hal_gpio.o(i.HAL_GPIO_Init)
    HAL_GPIO_WritePin                        0x08005011   Thumb Code    12  stm32h7xx_hal_gpio.o(i.HAL_GPIO_WritePin)
    HAL_GetREVID                             0x0800501d   Thumb Code     8  stm32h7xx_hal.o(i.HAL_GetREVID)
    HAL_GetTick                              0x08005029   Thumb Code     6  stm32h7xx_hal.o(i.HAL_GetTick)
    HAL_HRTIM_DeadTimeConfig                 0x08005035   Thumb Code   162  stm32h7xx_hal_hrtim.o(i.HAL_HRTIM_DeadTimeConfig)
    HAL_HRTIM_Init                           0x080050e1   Thumb Code   256  stm32h7xx_hal_hrtim.o(i.HAL_HRTIM_Init)
    HAL_HRTIM_MspInit                        0x080051e9   Thumb Code    78  hrtim.o(i.HAL_HRTIM_MspInit)
    HAL_HRTIM_MspPostInit                    0x08005241   Thumb Code   140  hrtim.o(i.HAL_HRTIM_MspPostInit)
    HAL_HRTIM_TimeBaseConfig                 0x080052dd   Thumb Code    58  stm32h7xx_hal_hrtim.o(i.HAL_HRTIM_TimeBaseConfig)
    HAL_HRTIM_WaveformCompareConfig          0x08005317   Thumb Code   504  stm32h7xx_hal_hrtim.o(i.HAL_HRTIM_WaveformCompareConfig)
    HAL_HRTIM_WaveformCountStart             0x0800550f   Thumb Code    60  stm32h7xx_hal_hrtim.o(i.HAL_HRTIM_WaveformCountStart)
    HAL_HRTIM_WaveformOutputConfig           0x0800554b   Thumb Code    84  stm32h7xx_hal_hrtim.o(i.HAL_HRTIM_WaveformOutputConfig)
    HAL_HRTIM_WaveformOutputStart            0x0800559f   Thumb Code    64  stm32h7xx_hal_hrtim.o(i.HAL_HRTIM_WaveformOutputStart)
    HAL_HRTIM_WaveformOutputStop             0x080055df   Thumb Code    64  stm32h7xx_hal_hrtim.o(i.HAL_HRTIM_WaveformOutputStop)
    HAL_HRTIM_WaveformTimerConfig            0x0800561f   Thumb Code   178  stm32h7xx_hal_hrtim.o(i.HAL_HRTIM_WaveformTimerConfig)
    HAL_I2CEx_ConfigAnalogFilter             0x080056d1   Thumb Code   106  stm32h7xx_hal_i2c_ex.o(i.HAL_I2CEx_ConfigAnalogFilter)
    HAL_I2CEx_ConfigDigitalFilter            0x0800573b   Thumb Code   104  stm32h7xx_hal_i2c_ex.o(i.HAL_I2CEx_ConfigDigitalFilter)
    HAL_I2C_Init                             0x080057a5   Thumb Code   212  stm32h7xx_hal_i2c.o(i.HAL_I2C_Init)
    HAL_I2C_Mem_Write                        0x0800587d   Thumb Code   402  stm32h7xx_hal_i2c.o(i.HAL_I2C_Mem_Write)
    HAL_I2C_MspInit                          0x08005a15   Thumb Code   144  i2c.o(i.HAL_I2C_MspInit)
    HAL_IncTick                              0x08005ab1   Thumb Code    16  stm32h7xx_hal.o(i.HAL_IncTick)
    HAL_Init                                 0x08005ac9   Thumb Code    80  stm32h7xx_hal.o(i.HAL_Init)
    HAL_InitTick                             0x08005b29   Thumb Code    74  stm32h7xx_hal.o(i.HAL_InitTick)
    HAL_MspInit                              0x08005b81   Thumb Code    32  stm32h7xx_hal_msp.o(i.HAL_MspInit)
    HAL_NVIC_EnableIRQ                       0x08005ba5   Thumb Code    40  stm32h7xx_hal_cortex.o(i.HAL_NVIC_EnableIRQ)
    HAL_NVIC_SetPriority                     0x08005bcd   Thumb Code   122  stm32h7xx_hal_cortex.o(i.HAL_NVIC_SetPriority)
    HAL_NVIC_SetPriorityGrouping             0x08005c49   Thumb Code    32  stm32h7xx_hal_cortex.o(i.HAL_NVIC_SetPriorityGrouping)
    HAL_PWREx_ConfigSupply                   0x08005c71   Thumb Code    90  stm32h7xx_hal_pwr_ex.o(i.HAL_PWREx_ConfigSupply)
    HAL_RCCEx_GetD3PCLK1Freq                 0x08005cd1   Thumb Code    26  stm32h7xx_hal_rcc_ex.o(i.HAL_RCCEx_GetD3PCLK1Freq)
    HAL_RCCEx_GetPLL1ClockFreq               0x08005cf5   Thumb Code   536  stm32h7xx_hal_rcc_ex.o(i.HAL_RCCEx_GetPLL1ClockFreq)
    HAL_RCCEx_GetPLL2ClockFreq               0x08005f25   Thumb Code   536  stm32h7xx_hal_rcc_ex.o(i.HAL_RCCEx_GetPLL2ClockFreq)
    HAL_RCCEx_GetPLL3ClockFreq               0x08006155   Thumb Code   536  stm32h7xx_hal_rcc_ex.o(i.HAL_RCCEx_GetPLL3ClockFreq)
    HAL_RCCEx_GetPeriphCLKFreq               0x08006385   Thumb Code  2216  stm32h7xx_hal_rcc_ex.o(i.HAL_RCCEx_GetPeriphCLKFreq)
    HAL_RCCEx_PeriphCLKConfig                0x08006c35   Thumb Code  3432  stm32h7xx_hal_rcc_ex.o(i.HAL_RCCEx_PeriphCLKConfig)
    HAL_RCC_ClockConfig                      0x0800799d   Thumb Code   774  stm32h7xx_hal_rcc.o(i.HAL_RCC_ClockConfig)
    HAL_RCC_GetHCLKFreq                      0x08007cbd   Thumb Code    60  stm32h7xx_hal_rcc.o(i.HAL_RCC_GetHCLKFreq)
    HAL_RCC_GetPCLK1Freq                     0x08007d09   Thumb Code    26  stm32h7xx_hal_rcc.o(i.HAL_RCC_GetPCLK1Freq)
    HAL_RCC_GetPCLK2Freq                     0x08007d2d   Thumb Code    26  stm32h7xx_hal_rcc.o(i.HAL_RCC_GetPCLK2Freq)
    HAL_RCC_GetSysClockFreq                  0x08007d51   Thumb Code   524  stm32h7xx_hal_rcc.o(i.HAL_RCC_GetSysClockFreq)
    HAL_RCC_OscConfig                        0x08007f7d   Thumb Code  2130  stm32h7xx_hal_rcc.o(i.HAL_RCC_OscConfig)
    HAL_SYSTICK_Config                       0x080087d5   Thumb Code    52  stm32h7xx_hal_cortex.o(i.HAL_SYSTICK_Config)
    HAL_TIMEx_Break2Callback                 0x08008809   Thumb Code     2  stm32h7xx_hal_tim_ex.o(i.HAL_TIMEx_Break2Callback)
    HAL_TIMEx_BreakCallback                  0x0800880b   Thumb Code     2  stm32h7xx_hal_tim_ex.o(i.HAL_TIMEx_BreakCallback)
    HAL_TIMEx_CommutCallback                 0x0800880d   Thumb Code     2  stm32h7xx_hal_tim_ex.o(i.HAL_TIMEx_CommutCallback)
    HAL_TIMEx_MasterConfigSynchronization    0x08008811   Thumb Code   174  stm32h7xx_hal_tim_ex.o(i.HAL_TIMEx_MasterConfigSynchronization)
    HAL_TIM_Base_Init                        0x080088dd   Thumb Code   110  stm32h7xx_hal_tim.o(i.HAL_TIM_Base_Init)
    HAL_TIM_Base_MspInit                     0x0800894d   Thumb Code   166  tim.o(i.HAL_TIM_Base_MspInit)
    HAL_TIM_Base_Start_IT                    0x08008a05   Thumb Code   146  stm32h7xx_hal_tim.o(i.HAL_TIM_Base_Start_IT)
    HAL_TIM_ConfigClockSource                0x08008ab9   Thumb Code   304  stm32h7xx_hal_tim.o(i.HAL_TIM_ConfigClockSource)
    HAL_TIM_IC_CaptureCallback               0x08008bed   Thumb Code     2  stm32h7xx_hal_tim.o(i.HAL_TIM_IC_CaptureCallback)
    HAL_TIM_IRQHandler                       0x08008bef   Thumb Code   408  stm32h7xx_hal_tim.o(i.HAL_TIM_IRQHandler)
    HAL_TIM_OC_ConfigChannel                 0x08008d87   Thumb Code   144  stm32h7xx_hal_tim.o(i.HAL_TIM_OC_ConfigChannel)
    HAL_TIM_OC_DelayElapsedCallback          0x08008e17   Thumb Code     2  stm32h7xx_hal_tim.o(i.HAL_TIM_OC_DelayElapsedCallback)
    HAL_TIM_OC_Init                          0x08008e19   Thumb Code   110  stm32h7xx_hal_tim.o(i.HAL_TIM_OC_Init)
    HAL_TIM_OC_MspInit                       0x08008e87   Thumb Code     2  stm32h7xx_hal_tim.o(i.HAL_TIM_OC_MspInit)
    HAL_TIM_PWM_PulseFinishedCallback        0x08008e89   Thumb Code     2  stm32h7xx_hal_tim.o(i.HAL_TIM_PWM_PulseFinishedCallback)
    HAL_TIM_PeriodElapsedCallback            0x08008e8b   Thumb Code     2  stm32h7xx_hal_tim.o(i.HAL_TIM_PeriodElapsedCallback)
    HAL_TIM_TriggerCallback                  0x08008e8d   Thumb Code     2  stm32h7xx_hal_tim.o(i.HAL_TIM_TriggerCallback)
    HAL_UARTEx_DisableFifoMode               0x08008e8f   Thumb Code    78  stm32h7xx_hal_uart_ex.o(i.HAL_UARTEx_DisableFifoMode)
    HAL_UARTEx_RxEventCallback               0x08008edd   Thumb Code     2  stm32h7xx_hal_uart.o(i.HAL_UARTEx_RxEventCallback)
    HAL_UARTEx_RxFifoFullCallback            0x08008edf   Thumb Code     2  stm32h7xx_hal_uart_ex.o(i.HAL_UARTEx_RxFifoFullCallback)
    HAL_UARTEx_SetRxFifoThreshold            0x08008ee1   Thumb Code    94  stm32h7xx_hal_uart_ex.o(i.HAL_UARTEx_SetRxFifoThreshold)
    HAL_UARTEx_SetTxFifoThreshold            0x08008f3f   Thumb Code    94  stm32h7xx_hal_uart_ex.o(i.HAL_UARTEx_SetTxFifoThreshold)
    HAL_UARTEx_TxFifoEmptyCallback           0x08008f9d   Thumb Code     2  stm32h7xx_hal_uart_ex.o(i.HAL_UARTEx_TxFifoEmptyCallback)
    HAL_UARTEx_WakeupCallback                0x08008f9f   Thumb Code     2  stm32h7xx_hal_uart_ex.o(i.HAL_UARTEx_WakeupCallback)
    HAL_UART_ErrorCallback                   0x08008fa1   Thumb Code     2  stm32h7xx_hal_uart.o(i.HAL_UART_ErrorCallback)
    HAL_UART_IRQHandler                      0x08008fa5   Thumb Code  1172  stm32h7xx_hal_uart.o(i.HAL_UART_IRQHandler)
    HAL_UART_Init                            0x08009439   Thumb Code   120  stm32h7xx_hal_uart.o(i.HAL_UART_Init)
    HAL_UART_MspInit                         0x080094b1   Thumb Code   278  usart.o(i.HAL_UART_MspInit)
    HAL_UART_Transmit                        0x080095dd   Thumb Code   194  stm32h7xx_hal_uart.o(i.HAL_UART_Transmit)
    HAL_UART_TxCpltCallback                  0x0800969f   Thumb Code     2  stm32h7xx_hal_uart.o(i.HAL_UART_TxCpltCallback)
    HRPWM_Control                            0x080096a1   Thumb Code   602  pwm_control.o(i.HRPWM_Control)
    HardFault_Handler                        0x08009d5d   Thumb Code     4  stm32h7xx_it.o(i.HardFault_Handler)
    Init_Cap_Low_Voltage_Protection          0x0800a0b5   Thumb Code   344  init_task.o(i.Init_Cap_Low_Voltage_Protection)
    Init_Open_Control                        0x0800a23d   Thumb Code    84  init_task.o(i.Init_Open_Control)
    Init_PWM_Write_Open                      0x0800a2a5   Thumb Code   264  init_task.o(i.Init_PWM_Write_Open)
    Init_Task                                0x0800a3d5   Thumb Code   194  init_task.o(i.Init_Task)
    KalmanCreate                             0x0800a4e9   Thumb Code    58  lib.o(i.KalmanCreate)
    LED_Control                              0x0800a529   Thumb Code    82  task.o(i.LED_Control)
    MX_ADC1_Init                             0x0800a63d   Thumb Code   272  adc.o(i.MX_ADC1_Init)
    MX_DMA_Init                              0x0800a769   Thumb Code    48  dma.o(i.MX_DMA_Init)
    MX_FDCAN1_Init                           0x0800a79d   Thumb Code   126  fdcan.o(i.MX_FDCAN1_Init)
    MX_GPIO_Init                             0x0800a825   Thumb Code   234  gpio.o(i.MX_GPIO_Init)
    MX_HRTIM_Init                            0x0800a91d   Thumb Code   494  hrtim.o(i.MX_HRTIM_Init)
    MX_I2C1_Init                             0x0800ab15   Thumb Code    74  i2c.o(i.MX_I2C1_Init)
    MX_OLED_Init                             0x0800ab6d   Thumb Code    16  oled.o(i.MX_OLED_Init)
    MX_TIM3_Init                             0x0800ab7d   Thumb Code   152  tim.o(i.MX_TIM3_Init)
    MX_TIM4_Init                             0x0800ac1d   Thumb Code   102  tim.o(i.MX_TIM4_Init)
    MX_TIM5_Init                             0x0800ac8d   Thumb Code   102  tim.o(i.MX_TIM5_Init)
    MX_USART2_UART_Init                      0x0800acfd   Thumb Code    98  usart.o(i.MX_USART2_UART_Init)
    MX_USART3_UART_Init                      0x0800ad69   Thumb Code    98  usart.o(i.MX_USART3_UART_Init)
    Main_Task                                0x0800add5   Thumb Code    72  task.o(i.Main_Task)
    MemManage_Handler                        0x0800ae2d   Thumb Code     4  stm32h7xx_it.o(i.MemManage_Handler)
    NMI_Handler                              0x0800ae31   Thumb Code     4  stm32h7xx_it.o(i.NMI_Handler)
    OLEDShowData                             0x0800ae35   Thumb Code   170  oled.o(i.OLEDShowData)
    OLED_CLS                                 0x0800af09   Thumb Code    10  oled.o(i.OLED_CLS)
    OLED_Fill                                0x0800af13   Thumb Code    58  oled.o(i.OLED_Fill)
    OLED_Init                                0x0800af4d   Thumb Code   184  oled.o(i.OLED_Init)
    OLED_ON                                  0x0800b005   Thumb Code    22  oled.o(i.OLED_ON)
    OLED_SetPos                              0x0800b01b   Thumb Code    40  oled.o(i.OLED_SetPos)
    OLED_ShowStr                             0x0800b045   Thumb Code   228  oled.o(i.OLED_ShowStr)
    PWM_Task                                 0x0800b131   Thumb Code    26  pwm_control.o(i.PWM_Task)
    Page_1                                   0x0800b151   Thumb Code  1146  oled.o(i.Page_1)
    Page_2                                   0x0800b5d1   Thumb Code   352  oled.o(i.Page_2)
    PendSV_Handler                           0x0800b7ad   Thumb Code     2  stm32h7xx_it.o(i.PendSV_Handler)
    Power_Limit_Loop                         0x0800b7b1   Thumb Code   464  pwm_control.o(i.Power_Limit_Loop)
    Protect_Function                         0x0800b9b9   Thumb Code   274  task.o(i.Protect_Function)
    SVC_Handler                              0x0800bdc5   Thumb Code     2  stm32h7xx_it.o(i.SVC_Handler)
    SysTick_Handler                          0x0800bdc7   Thumb Code     8  stm32h7xx_it.o(i.SysTick_Handler)
    SystemClock_Config                       0x0800bdd1   Thumb Code   300  main.o(i.SystemClock_Config)
    SystemInit                               0x0800bf09   Thumb Code   212  system_stm32h7xx.o(i.SystemInit)
    TIM3_IRQHandler                          0x0800c005   Thumb Code    36  stm32h7xx_it.o(i.TIM3_IRQHandler)
    TIM4_IRQHandler                          0x0800c035   Thumb Code    36  stm32h7xx_it.o(i.TIM4_IRQHandler)
    TIM5_IRQHandler                          0x0800c065   Thumb Code    36  stm32h7xx_it.o(i.TIM5_IRQHandler)
    TIM_Base_SetConfig                       0x0800c095   Thumb Code   186  stm32h7xx_hal_tim.o(i.TIM_Base_SetConfig)
    TIM_ETR_SetConfig                        0x0800c171   Thumb Code    22  stm32h7xx_hal_tim.o(i.TIM_ETR_SetConfig)
    TIM_OC2_SetConfig                        0x0800c24d   Thumb Code   156  stm32h7xx_hal_tim.o(i.TIM_OC2_SetConfig)
    Transmit_Task                            0x0800c559   Thumb Code   180  task.o(i.Transmit_Task)
    UART_AdvFeatureConfig                    0x0800c685   Thumb Code   248  stm32h7xx_hal_uart.o(i.UART_AdvFeatureConfig)
    UART_CheckIdleState                      0x0800c77d   Thumb Code   234  stm32h7xx_hal_uart.o(i.UART_CheckIdleState)
    UART_SetConfig                           0x0800c91d   Thumb Code  1402  stm32h7xx_hal_uart.o(i.UART_SetConfig)
    UART_WaitOnFlagUntilTimeout              0x0800cea9   Thumb Code   172  stm32h7xx_hal_uart.o(i.UART_WaitOnFlagUntilTimeout)
    USART3_IRQHandler                        0x0800cf55   Thumb Code    10  stm32h7xx_it.o(i.USART3_IRQHandler)
    UsageFault_Handler                       0x0800cf65   Thumb Code     4  stm32h7xx_it.o(i.UsageFault_Handler)
    WriteCmd                                 0x0800cf69   Thumb Code    32  oled.o(i.WriteCmd)
    WriteDat                                 0x0800cf8d   Thumb Code    32  oled.o(i.WriteDat)
    first_order_filter_init                  0x0800cfe9   Thumb Code    32  lib.o(i.first_order_filter_init)
    hrpwm_tim                                0x0800d00d   Thumb Code    18  pwm_control.o(i.hrpwm_tim)
    main                                     0x0800d025   Thumb Code    64  main.o(i.main)
    oled_task                                0x0800d065   Thumb Code    90  oled.o(i.oled_task)
    pid_init                                 0x0800d0c9   Thumb Code   106  init_task.o(i.pid_init)
    receive                                  0x0800d165   Thumb Code    62  bsp_can_fd_1.o(i.receive)
    sent_data                                0x0800d1a9   Thumb Code   248  task.o(i.sent_data)
    velocity_control_angle                   0x0800d2a9   Thumb Code   244  lib.o(i.velocity_control_angle)
    _fp_init                                 0x0800d3a1   Thumb Code    10  fpinit.o(x$fpl$fpinit)
    __fplib_config_fpu_vfp                   0x0800d3a9   Thumb Code     0  fpinit.o(x$fpl$fpinit)
    __fplib_config_pureend_doubles           0x0800d3a9   Thumb Code     0  fpinit.o(x$fpl$fpinit)
    UARTPrescTable                           0x0800d410   Data          24  stm32h7xx_hal_uart.o(.constdata)
    D1CorePrescTable                         0x0800d438   Data          16  system_stm32h7xx.o(.constdata)
    F6x8                                     0x0800d448   Data         552  oled.o(.constdata)
    F8X16                                    0x0800d670   Data        1520  oled.o(.constdata)
    Region$$Table$$Base                      0x0800dc60   Number         0  anon$$obj.o(Region$$Table)
    Region$$Table$$Limit                     0x0800dc80   Number         0  anon$$obj.o(Region$$Table)
    tim_3                                    0x24000000   Data           4  main.o(.data)
    tim_4                                    0x24000004   Data           4  main.o(.data)
    time_t                                   0x24000008   Data           4  main.o(.data)
    i_t                                      0x2400000c   Data           4  main.o(.data)
    uwTick                                   0x24000010   Data           4  stm32h7xx_hal.o(.data)
    uwTickPrio                               0x24000014   Data           4  stm32h7xx_hal.o(.data)
    uwTickFreq                               0x24000018   Data           1  stm32h7xx_hal.o(.data)
    SystemCoreClock                          0x2400001c   Data           4  system_stm32h7xx.o(.data)
    SystemD2Clock                            0x24000020   Data           4  system_stm32h7xx.o(.data)
    a                                        0x24000024   Data           4  bsp_can_fd_1.o(.data)
    can_rx_data                              0x24000028   Data           8  bsp_can_fd_1.o(.data)
    tim_1                                    0x24000030   Data           4  init_task.o(.data)
    F16x16                                   0x24000034   Data         640  oled.o(.data)
    F8x8_t                                   0x240002b4   Data          32  oled.o(.data)
    BMP1                                     0x240002d4   Data        1024  oled.o(.data)
    page_last                                0x240006d4   Data           2  oled.o(.data)
    sign                                     0x240006e4   Data           1  task.o(.data)
    tap                                      0x240006e5   Data           1  task.o(.data)
    i_1                                      0x240006e8   Data           4  task.o(.data)
    wer                                      0x240006ec   Data           4  task.o(.data)
    sdf                                      0x240006f0   Data           4  task.o(.data)
    frequency1                               0x240006f4   Data           4  task.o(.data)
    qwe                                      0x240006f8   Data           4  task.o(.data)
    asd                                      0x240006fc   Data           4  task.o(.data)
    frequency                                0x24000700   Data           4  task.o(.data)
    pt                                       0x24000704   Data           4  task.o(.data)
    time_i                                   0x24000708   Data           4  task.o(.data)
    tim_2                                    0x2400070c   Data           4  task.o(.data)
    count_last                               0x24000710   Data          40  main.o(.bss)
    timer_debug                              0x24000738   Data          40  main.o(.bss)
    hadc1                                    0x24000760   Data         100  adc.o(.bss)
    hdma_adc1                                0x240007c4   Data         120  adc.o(.bss)
    TxHeader1                                0x2400083c   Data          36  fdcan.o(.bss)
    RxHeader1                                0x24000860   Data          40  fdcan.o(.bss)
    hfdcan1                                  0x24000888   Data         160  fdcan.o(.bss)
    hhrtim                                   0x24000928   Data         220  hrtim.o(.bss)
    hi2c1                                    0x24000a04   Data          84  i2c.o(.bss)
    htim3                                    0x24000a58   Data          76  tim.o(.bss)
    htim4                                    0x24000aa4   Data          76  tim.o(.bss)
    htim5                                    0x24000af0   Data          76  tim.o(.bss)
    huart2                                   0x24000b3c   Data         148  usart.o(.bss)
    huart3                                   0x24000bd0   Data         148  usart.o(.bss)
    can_data                                 0x24000c64   Data          36  bsp_can_fd_1.o(.bss)
    ADC1_RESULT                              0x24000c88   Data          40  init_task.o(.bss)
    lb                                       0x24000cb0   Data         144  lib.o(.bss)
    Out_Power_Loop                           0x24000d40   Data          80  lib.o(.bss)
    Out_Buff_Loop                            0x24000d90   Data          80  lib.o(.bss)
    Out_U_Loop                               0x24000de0   Data          80  lib.o(.bss)
    Out_I_Loop                               0x24000e30   Data          80  lib.o(.bss)
    ta1                                      0x24000e80   Data          24  lib.o(.bss)
    tb1                                      0x24000e98   Data          24  lib.o(.bss)
    power                                    0x24000eb0   Data          24  lib.o(.bss)
    ramp_function_source                     0x24000ec8   Data          20  lib.o(.bss)
    Out_I_Cap                                0x24000edc   Data          52  lib.o(.bss)
    In_Power                                 0x24000f10   Data          52  lib.o(.bss)
    pitch_auto                               0x24000f44   Data          52  lib.o(.bss)
    pitch_t                                  0x24000f78   Data          52  lib.o(.bss)
    pitch_k                                  0x24000fac   Data          52  lib.o(.bss)
    yaw_k                                    0x24000fe0   Data          52  lib.o(.bss)
    out_t                                    0x24001014   Data          10  oled.o(.bss)
    hrpwm                                    0x24001020   Data         104  pwm_control.o(.bss)
    adc                                      0x24001088   Data          56  task.o(.bss)
    BUFF                                     0x240010c0   Data         100  task.o(.bss)
    __libspace_start                         0x24001124   Data          96  libspace.o(.bss)
    __temporary_stack_top$libspace           0x24001184   Data           0  libspace.o(.bss)



==============================================================================

Memory Map of the image

  Image Entry point : 0x08000299

  Load Region LR_IROM1 (Base: 0x08000000, Size: 0x0000e390, Max: 0x00200000, ABSOLUTE, COMPRESSED[0x0000dfd8])

    Execution Region ER_IROM1 (Exec base: 0x08000000, Load base: 0x08000000, Size: 0x0000dc80, Max: 0x00200000, ABSOLUTE)

    Exec Addr    Load Addr    Size         Type   Attr      Idx    E Section Name        Object

    0x08000000   0x08000000   0x00000298   Data   RO            3    RESET               startup_stm32h743xx.o
    0x08000298   0x08000298   0x00000008   Code   RO         7490  * !!!main             c_w.l(__main.o)
    0x080002a0   0x080002a0   0x00000034   Code   RO         7731    !!!scatter          c_w.l(__scatter.o)
    0x080002d4   0x080002d4   0x0000005a   Code   RO         7729    !!dczerorl2         c_w.l(__dczerorl2.o)
    0x0800032e   0x0800032e   0x00000002   PAD
    0x08000330   0x08000330   0x0000001c   Code   RO         7733    !!handler_zi        c_w.l(__scatter_zi.o)
    0x0800034c   0x0800034c   0x00000002   Code   RO         7600    .ARM.Collect$$libinit$$00000000  c_w.l(libinit.o)
    0x0800034e   0x0800034e   0x00000004   Code   RO         7609    .ARM.Collect$$libinit$$00000001  c_w.l(libinit2.o)
    0x08000352   0x08000352   0x00000000   Code   RO         7612    .ARM.Collect$$libinit$$00000004  c_w.l(libinit2.o)
    0x08000352   0x08000352   0x00000000   Code   RO         7615    .ARM.Collect$$libinit$$0000000A  c_w.l(libinit2.o)
    0x08000352   0x08000352   0x00000000   Code   RO         7617    .ARM.Collect$$libinit$$0000000C  c_w.l(libinit2.o)
    0x08000352   0x08000352   0x00000000   Code   RO         7619    .ARM.Collect$$libinit$$0000000E  c_w.l(libinit2.o)
    0x08000352   0x08000352   0x00000000   Code   RO         7622    .ARM.Collect$$libinit$$00000011  c_w.l(libinit2.o)
    0x08000352   0x08000352   0x00000000   Code   RO         7624    .ARM.Collect$$libinit$$00000013  c_w.l(libinit2.o)
    0x08000352   0x08000352   0x00000000   Code   RO         7626    .ARM.Collect$$libinit$$00000015  c_w.l(libinit2.o)
    0x08000352   0x08000352   0x00000000   Code   RO         7628    .ARM.Collect$$libinit$$00000017  c_w.l(libinit2.o)
    0x08000352   0x08000352   0x00000000   Code   RO         7630    .ARM.Collect$$libinit$$00000019  c_w.l(libinit2.o)
    0x08000352   0x08000352   0x00000000   Code   RO         7632    .ARM.Collect$$libinit$$0000001B  c_w.l(libinit2.o)
    0x08000352   0x08000352   0x00000000   Code   RO         7634    .ARM.Collect$$libinit$$0000001D  c_w.l(libinit2.o)
    0x08000352   0x08000352   0x00000000   Code   RO         7636    .ARM.Collect$$libinit$$0000001F  c_w.l(libinit2.o)
    0x08000352   0x08000352   0x00000000   Code   RO         7638    .ARM.Collect$$libinit$$00000021  c_w.l(libinit2.o)
    0x08000352   0x08000352   0x00000000   Code   RO         7640    .ARM.Collect$$libinit$$00000023  c_w.l(libinit2.o)
    0x08000352   0x08000352   0x00000000   Code   RO         7642    .ARM.Collect$$libinit$$00000025  c_w.l(libinit2.o)
    0x08000352   0x08000352   0x00000000   Code   RO         7646    .ARM.Collect$$libinit$$0000002C  c_w.l(libinit2.o)
    0x08000352   0x08000352   0x00000000   Code   RO         7648    .ARM.Collect$$libinit$$0000002E  c_w.l(libinit2.o)
    0x08000352   0x08000352   0x00000000   Code   RO         7650    .ARM.Collect$$libinit$$00000030  c_w.l(libinit2.o)
    0x08000352   0x08000352   0x00000000   Code   RO         7652    .ARM.Collect$$libinit$$00000032  c_w.l(libinit2.o)
    0x08000352   0x08000352   0x00000002   Code   RO         7653    .ARM.Collect$$libinit$$00000033  c_w.l(libinit2.o)
    0x08000354   0x08000354   0x00000002   Code   RO         7684    .ARM.Collect$$libshutdown$$00000000  c_w.l(libshutdown.o)
    0x08000356   0x08000356   0x00000000   Code   RO         7710    .ARM.Collect$$libshutdown$$00000002  c_w.l(libshutdown2.o)
    0x08000356   0x08000356   0x00000000   Code   RO         7712    .ARM.Collect$$libshutdown$$00000004  c_w.l(libshutdown2.o)
    0x08000356   0x08000356   0x00000000   Code   RO         7714    .ARM.Collect$$libshutdown$$00000006  c_w.l(libshutdown2.o)
    0x08000356   0x08000356   0x00000000   Code   RO         7717    .ARM.Collect$$libshutdown$$00000009  c_w.l(libshutdown2.o)
    0x08000356   0x08000356   0x00000000   Code   RO         7720    .ARM.Collect$$libshutdown$$0000000C  c_w.l(libshutdown2.o)
    0x08000356   0x08000356   0x00000000   Code   RO         7722    .ARM.Collect$$libshutdown$$0000000E  c_w.l(libshutdown2.o)
    0x08000356   0x08000356   0x00000000   Code   RO         7725    .ARM.Collect$$libshutdown$$00000011  c_w.l(libshutdown2.o)
    0x08000356   0x08000356   0x00000002   Code   RO         7726    .ARM.Collect$$libshutdown$$00000012  c_w.l(libshutdown2.o)
    0x08000358   0x08000358   0x00000000   Code   RO         7516    .ARM.Collect$$rtentry$$00000000  c_w.l(__rtentry.o)
    0x08000358   0x08000358   0x00000000   Code   RO         7553    .ARM.Collect$$rtentry$$00000002  c_w.l(__rtentry2.o)
    0x08000358   0x08000358   0x00000006   Code   RO         7565    .ARM.Collect$$rtentry$$00000004  c_w.l(__rtentry4.o)
    0x0800035e   0x0800035e   0x00000000   Code   RO         7555    .ARM.Collect$$rtentry$$00000009  c_w.l(__rtentry2.o)
    0x0800035e   0x0800035e   0x00000004   Code   RO         7556    .ARM.Collect$$rtentry$$0000000A  c_w.l(__rtentry2.o)
    0x08000362   0x08000362   0x00000000   Code   RO         7558    .ARM.Collect$$rtentry$$0000000C  c_w.l(__rtentry2.o)
    0x08000362   0x08000362   0x00000008   Code   RO         7559    .ARM.Collect$$rtentry$$0000000D  c_w.l(__rtentry2.o)
    0x0800036a   0x0800036a   0x00000002   Code   RO         7601    .ARM.Collect$$rtexit$$00000000  c_w.l(rtexit.o)
    0x0800036c   0x0800036c   0x00000000   Code   RO         7657    .ARM.Collect$$rtexit$$00000002  c_w.l(rtexit2.o)
    0x0800036c   0x0800036c   0x00000004   Code   RO         7658    .ARM.Collect$$rtexit$$00000003  c_w.l(rtexit2.o)
    0x08000370   0x08000370   0x00000006   Code   RO         7659    .ARM.Collect$$rtexit$$00000004  c_w.l(rtexit2.o)
    0x08000376   0x08000376   0x00000002   PAD
    0x08000378   0x08000378   0x00000040   Code   RO            4    .text               startup_stm32h743xx.o
    0x080003b8   0x080003b8   0x000000ee   Code   RO         7478    .text               c_w.l(lludivv7m.o)
    0x080004a6   0x080004a6   0x00000064   Code   RO         7484    .text               c_w.l(rt_memcpy_w.o)
    0x0800050a   0x0800050a   0x0000004e   Code   RO         7486    .text               c_w.l(rt_memclr_w.o)
    0x08000558   0x08000558   0x00000006   Code   RO         7488    .text               c_w.l(heapauxi.o)
    0x0800055e   0x0800055e   0x00000002   PAD
    0x08000560   0x08000560   0x00000008   Code   RO         7584    .text               c_w.l(libspace.o)
    0x08000568   0x08000568   0x0000004a   Code   RO         7587    .text               c_w.l(sys_stackheap_outer.o)
    0x080005b2   0x080005b2   0x00000012   Code   RO         7589    .text               c_w.l(exit.o)
    0x080005c4   0x080005c4   0x0000000c   Code   RO         7654    .text               c_w.l(sys_exit.o)
    0x080005d0   0x080005d0   0x00000002   Code   RO         7673    .text               c_w.l(use_no_semi.o)
    0x080005d2   0x080005d2   0x00000000   Code   RO         7675    .text               c_w.l(indicate_semi.o)
    0x080005d2   0x080005d2   0x00000002   PAD
    0x080005d4   0x080005d4   0x00000164   Code   RO          881    i.ADC_ConfigureBoostMode  stm32h7xx_hal_adc.o
    0x08000738   0x08000738   0x00000092   Code   RO          883    i.ADC_DMAConvCplt   stm32h7xx_hal_adc.o
    0x080007ca   0x080007ca   0x0000001e   Code   RO          884    i.ADC_DMAError      stm32h7xx_hal_adc.o
    0x080007e8   0x080007e8   0x0000000e   Code   RO          885    i.ADC_DMAHalfConvCplt  stm32h7xx_hal_adc.o
    0x080007f6   0x080007f6   0x00000002   PAD
    0x080007f8   0x080007f8   0x000000cc   Code   RO          887    i.ADC_Enable        stm32h7xx_hal_adc.o
    0x080008c4   0x080008c4   0x000001fc   Code   RO         7378    i.ADC_Handle        task.o
    0x08000ac0   0x08000ac0   0x00000010   Code   RO          588    i.ADC_IRQHandler    stm32h7xx_it.o
    0x08000ad0   0x08000ad0   0x00000004   Code   RO          589    i.BusFault_Handler  stm32h7xx_it.o
    0x08000ad4   0x08000ad4   0x000000d4   Code   RO         6847    i.Can_Send_Data_Can  bsp_can_fd_1.o
    0x08000ba8   0x08000ba8   0x00000010   Code   RO          590    i.DMA1_Stream0_IRQHandler  stm32h7xx_it.o
    0x08000bb8   0x08000bb8   0x000000ec   Code   RO         2119    i.DMA_CalcBaseAndBitshift  stm32h7xx_hal_dma.o
    0x08000ca4   0x08000ca4   0x000000c4   Code   RO         2120    i.DMA_CalcDMAMUXChannelBaseAndMask  stm32h7xx_hal_dma.o
    0x08000d68   0x08000d68   0x00000098   Code   RO         2121    i.DMA_CalcDMAMUXRequestGenBaseAndMask  stm32h7xx_hal_dma.o
    0x08000e00   0x08000e00   0x000000ae   Code   RO         2122    i.DMA_CheckFifoParam  stm32h7xx_hal_dma.o
    0x08000eae   0x08000eae   0x00000002   PAD
    0x08000eb0   0x08000eb0   0x00000274   Code   RO         2123    i.DMA_SetConfig     stm32h7xx_hal_dma.o
    0x08001124   0x08001124   0x00000050   Code   RO         7379    i.DWT_GetDeltaT     task.o
    0x08001174   0x08001174   0x00000054   Code   RO         7380    i.DWT_Init          task.o
    0x080011c8   0x080011c8   0x00000002   Code   RO          591    i.DebugMon_Handler  stm32h7xx_it.o
    0x080011ca   0x080011ca   0x0000000a   Code   RO          592    i.EXTI0_IRQHandler  stm32h7xx_it.o
    0x080011d4   0x080011d4   0x0000000a   Code   RO          593    i.EXTI1_IRQHandler  stm32h7xx_it.o
    0x080011de   0x080011de   0x00000006   Code   RO           13    i.Error_Handler     main.o
    0x080011e4   0x080011e4   0x00000010   Code   RO          594    i.FDCAN1_IT0_IRQHandler  stm32h7xx_it.o
    0x080011f4   0x080011f4   0x00000220   Code   RO         3894    i.FDCAN_CalcultateRamBlockAddresses  stm32h7xx_hal_fdcan.o
    0x08001414   0x08001414   0x000000d0   Code   RO         3895    i.FDCAN_CopyMessageToRAM  stm32h7xx_hal_fdcan.o
    0x080014e4   0x080014e4   0x00000074   Code   RO         6848    i.FDCAN_Init        bsp_can_fd_1.o
    0x08001558   0x08001558   0x0000003c   Code   RO         6967    i.Filter_ADC_Function  lib.o
    0x08001594   0x08001594   0x00000002   Code   RO         1147    i.HAL_ADCEx_EndOfSamplingCallback  stm32h7xx_hal_adc_ex.o
    0x08001596   0x08001596   0x00000002   Code   RO         1150    i.HAL_ADCEx_InjectedConvCpltCallback  stm32h7xx_hal_adc_ex.o
    0x08001598   0x08001598   0x00000002   Code   RO         1153    i.HAL_ADCEx_InjectedQueueOverflowCallback  stm32h7xx_hal_adc_ex.o
    0x0800159a   0x0800159a   0x00000002   Code   RO         1158    i.HAL_ADCEx_LevelOutOfWindow2Callback  stm32h7xx_hal_adc_ex.o
    0x0800159c   0x0800159c   0x00000002   Code   RO         1159    i.HAL_ADCEx_LevelOutOfWindow3Callback  stm32h7xx_hal_adc_ex.o
    0x0800159e   0x0800159e   0x00000002   PAD
    0x080015a0   0x080015a0   0x00000164   Code   RO         1163    i.HAL_ADCEx_MultiModeConfigChannel  stm32h7xx_hal_adc_ex.o
    0x08001704   0x08001704   0x0000054c   Code   RO          889    i.HAL_ADC_ConfigChannel  stm32h7xx_hal_adc.o
    0x08001c50   0x08001c50   0x00000002   Code   RO          890    i.HAL_ADC_ConvCpltCallback  stm32h7xx_hal_adc.o
    0x08001c52   0x08001c52   0x00000002   Code   RO          891    i.HAL_ADC_ConvHalfCpltCallback  stm32h7xx_hal_adc.o
    0x08001c54   0x08001c54   0x00000002   Code   RO          893    i.HAL_ADC_ErrorCallback  stm32h7xx_hal_adc.o
    0x08001c56   0x08001c56   0x00000002   PAD
    0x08001c58   0x08001c58   0x00000358   Code   RO          897    i.HAL_ADC_IRQHandler  stm32h7xx_hal_adc.o
    0x08001fb0   0x08001fb0   0x0000028c   Code   RO          898    i.HAL_ADC_Init      stm32h7xx_hal_adc.o
    0x0800223c   0x0800223c   0x00000002   Code   RO          899    i.HAL_ADC_LevelOutOfWindowCallback  stm32h7xx_hal_adc.o
    0x0800223e   0x0800223e   0x00000002   PAD
    0x08002240   0x08002240   0x00000178   Code   RO          271    i.HAL_ADC_MspInit   adc.o
    0x080023b8   0x080023b8   0x00000134   Code   RO          905    i.HAL_ADC_Start_DMA  stm32h7xx_hal_adc.o
    0x080024ec   0x080024ec   0x000004dc   Code   RO         2124    i.HAL_DMA_Abort     stm32h7xx_hal_dma.o
    0x080029c8   0x080029c8   0x00000398   Code   RO         2125    i.HAL_DMA_Abort_IT  stm32h7xx_hal_dma.o
    0x08002d60   0x08002d60   0x00000af8   Code   RO         2129    i.HAL_DMA_IRQHandler  stm32h7xx_hal_dma.o
    0x08003858   0x08003858   0x00000520   Code   RO         2130    i.HAL_DMA_Init      stm32h7xx_hal_dma.o
    0x08003d78   0x08003d78   0x000003e0   Code   RO         2134    i.HAL_DMA_Start_IT  stm32h7xx_hal_dma.o
    0x08004158   0x08004158   0x00000028   Code   RO         2991    i.HAL_Delay         stm32h7xx_hal.o
    0x08004180   0x08004180   0x000000a8   Code   RO         3897    i.HAL_FDCAN_ActivateNotification  stm32h7xx_hal_fdcan.o
    0x08004228   0x08004228   0x00000090   Code   RO         3899    i.HAL_FDCAN_AddMessageToTxFifoQ  stm32h7xx_hal_fdcan.o
    0x080042b8   0x080042b8   0x00000002   Code   RO         3900    i.HAL_FDCAN_ClockCalibrationCallback  stm32h7xx_hal_fdcan.o
    0x080042ba   0x080042ba   0x000000a8   Code   RO         3904    i.HAL_FDCAN_ConfigFilter  stm32h7xx_hal_fdcan.o
    0x08004362   0x08004362   0x00000034   Code   RO         3905    i.HAL_FDCAN_ConfigGlobalFilter  stm32h7xx_hal_fdcan.o
    0x08004396   0x08004396   0x00000002   Code   RO         3926    i.HAL_FDCAN_ErrorCallback  stm32h7xx_hal_fdcan.o
    0x08004398   0x08004398   0x00000002   Code   RO         3927    i.HAL_FDCAN_ErrorStatusCallback  stm32h7xx_hal_fdcan.o
    0x0800439a   0x0800439a   0x00000002   PAD
    0x0800439c   0x0800439c   0x000001f4   Code   RO         3938    i.HAL_FDCAN_GetRxMessage  stm32h7xx_hal_fdcan.o
    0x08004590   0x08004590   0x00000002   Code   RO         3944    i.HAL_FDCAN_HighPriorityMessageCallback  stm32h7xx_hal_fdcan.o
    0x08004592   0x08004592   0x00000002   PAD
    0x08004594   0x08004594   0x000003d4   Code   RO         3945    i.HAL_FDCAN_IRQHandler  stm32h7xx_hal_fdcan.o
    0x08004968   0x08004968   0x000002e0   Code   RO         3946    i.HAL_FDCAN_Init    stm32h7xx_hal_fdcan.o
    0x08004c48   0x08004c48   0x000000b0   Code   RO          337    i.HAL_FDCAN_MspInit  fdcan.o
    0x08004cf8   0x08004cf8   0x00000002   Code   RO         3955    i.HAL_FDCAN_RxBufferNewMessageCallback  stm32h7xx_hal_fdcan.o
    0x08004cfa   0x08004cfa   0x00000002   PAD
    0x08004cfc   0x08004cfc   0x00000048   Code   RO         6849    i.HAL_FDCAN_RxFifo0Callback  bsp_can_fd_1.o
    0x08004d44   0x08004d44   0x00000002   Code   RO         3957    i.HAL_FDCAN_RxFifo1Callback  stm32h7xx_hal_fdcan.o
    0x08004d46   0x08004d46   0x00000034   Code   RO         3958    i.HAL_FDCAN_Start   stm32h7xx_hal_fdcan.o
    0x08004d7a   0x08004d7a   0x00000002   Code   RO         3980    i.HAL_FDCAN_TT_GlobalTimeCallback  stm32h7xx_hal_fdcan.o
    0x08004d7c   0x08004d7c   0x00000002   Code   RO         3981    i.HAL_FDCAN_TT_ScheduleSyncCallback  stm32h7xx_hal_fdcan.o
    0x08004d7e   0x08004d7e   0x00000002   Code   RO         3986    i.HAL_FDCAN_TT_StopWatchCallback  stm32h7xx_hal_fdcan.o
    0x08004d80   0x08004d80   0x00000002   Code   RO         3987    i.HAL_FDCAN_TT_TimeMarkCallback  stm32h7xx_hal_fdcan.o
    0x08004d82   0x08004d82   0x00000002   Code   RO         3988    i.HAL_FDCAN_TimeoutOccurredCallback  stm32h7xx_hal_fdcan.o
    0x08004d84   0x08004d84   0x00000002   Code   RO         3989    i.HAL_FDCAN_TimestampWraparoundCallback  stm32h7xx_hal_fdcan.o
    0x08004d86   0x08004d86   0x00000002   Code   RO         3990    i.HAL_FDCAN_TxBufferAbortCallback  stm32h7xx_hal_fdcan.o
    0x08004d88   0x08004d88   0x00000002   Code   RO         3991    i.HAL_FDCAN_TxBufferCompleteCallback  stm32h7xx_hal_fdcan.o
    0x08004d8a   0x08004d8a   0x00000002   Code   RO         3992    i.HAL_FDCAN_TxEventFifoCallback  stm32h7xx_hal_fdcan.o
    0x08004d8c   0x08004d8c   0x00000002   Code   RO         3993    i.HAL_FDCAN_TxFifoEmptyCallback  stm32h7xx_hal_fdcan.o
    0x08004d8e   0x08004d8e   0x00000002   PAD
    0x08004d90   0x08004d90   0x00000068   Code   RO           14    i.HAL_GPIO_EXTI_Callback  main.o
    0x08004df8   0x08004df8   0x0000001c   Code   RO         1971    i.HAL_GPIO_EXTI_IRQHandler  stm32h7xx_hal_gpio.o
    0x08004e14   0x08004e14   0x000001fc   Code   RO         1972    i.HAL_GPIO_Init     stm32h7xx_hal_gpio.o
    0x08005010   0x08005010   0x0000000c   Code   RO         1976    i.HAL_GPIO_WritePin  stm32h7xx_hal_gpio.o
    0x0800501c   0x0800501c   0x0000000c   Code   RO         3002    i.HAL_GetREVID      stm32h7xx_hal.o
    0x08005028   0x08005028   0x0000000c   Code   RO         3003    i.HAL_GetTick       stm32h7xx_hal.o
    0x08005034   0x08005034   0x000000ac   Code   RO         4530    i.HAL_HRTIM_DeadTimeConfig  stm32h7xx_hal_hrtim.o
    0x080050e0   0x080050e0   0x00000108   Code   RO         4550    i.HAL_HRTIM_Init    stm32h7xx_hal_hrtim.o
    0x080051e8   0x080051e8   0x00000058   Code   RO          379    i.HAL_HRTIM_MspInit  hrtim.o
    0x08005240   0x08005240   0x0000009c   Code   RO          380    i.HAL_HRTIM_MspPostInit  hrtim.o
    0x080052dc   0x080052dc   0x0000003a   Code   RO         4596    i.HAL_HRTIM_TimeBaseConfig  stm32h7xx_hal_hrtim.o
    0x08005316   0x08005316   0x000001f8   Code   RO         4601    i.HAL_HRTIM_WaveformCompareConfig  stm32h7xx_hal_hrtim.o
    0x0800550e   0x0800550e   0x0000003c   Code   RO         4602    i.HAL_HRTIM_WaveformCountStart  stm32h7xx_hal_hrtim.o
    0x0800554a   0x0800554a   0x00000054   Code   RO         4610    i.HAL_HRTIM_WaveformOutputConfig  stm32h7xx_hal_hrtim.o
    0x0800559e   0x0800559e   0x00000040   Code   RO         4611    i.HAL_HRTIM_WaveformOutputStart  stm32h7xx_hal_hrtim.o
    0x080055de   0x080055de   0x00000040   Code   RO         4612    i.HAL_HRTIM_WaveformOutputStop  stm32h7xx_hal_hrtim.o
    0x0800561e   0x0800561e   0x000000b2   Code   RO         4614    i.HAL_HRTIM_WaveformTimerConfig  stm32h7xx_hal_hrtim.o
    0x080056d0   0x080056d0   0x0000006a   Code   RO         3768    i.HAL_I2CEx_ConfigAnalogFilter  stm32h7xx_hal_i2c_ex.o
    0x0800573a   0x0800573a   0x00000068   Code   RO         3769    i.HAL_I2CEx_ConfigDigitalFilter  stm32h7xx_hal_i2c_ex.o
    0x080057a2   0x080057a2   0x00000002   PAD
    0x080057a4   0x080057a4   0x000000d8   Code   RO         3307    i.HAL_I2C_Init      stm32h7xx_hal_i2c.o
    0x0800587c   0x0800587c   0x00000198   Code   RO         3328    i.HAL_I2C_Mem_Write  stm32h7xx_hal_i2c.o
    0x08005a14   0x08005a14   0x0000009c   Code   RO          427    i.HAL_I2C_MspInit   i2c.o
    0x08005ab0   0x08005ab0   0x00000018   Code   RO         3009    i.HAL_IncTick       stm32h7xx_hal.o
    0x08005ac8   0x08005ac8   0x00000060   Code   RO         3010    i.HAL_Init          stm32h7xx_hal.o
    0x08005b28   0x08005b28   0x00000058   Code   RO         3011    i.HAL_InitTick      stm32h7xx_hal.o
    0x08005b80   0x08005b80   0x00000024   Code   RO          857    i.HAL_MspInit       stm32h7xx_hal_msp.o
    0x08005ba4   0x08005ba4   0x00000028   Code   RO         2834    i.HAL_NVIC_EnableIRQ  stm32h7xx_hal_cortex.o
    0x08005bcc   0x08005bcc   0x0000007a   Code   RO         2840    i.HAL_NVIC_SetPriority  stm32h7xx_hal_cortex.o
    0x08005c46   0x08005c46   0x00000002   PAD
    0x08005c48   0x08005c48   0x00000028   Code   RO         2841    i.HAL_NVIC_SetPriorityGrouping  stm32h7xx_hal_cortex.o
    0x08005c70   0x08005c70   0x00000060   Code   RO         2573    i.HAL_PWREx_ConfigSupply  stm32h7xx_hal_pwr_ex.o
    0x08005cd0   0x08005cd0   0x00000024   Code   RO         1523    i.HAL_RCCEx_GetD3PCLK1Freq  stm32h7xx_hal_rcc_ex.o
    0x08005cf4   0x08005cf4   0x00000230   Code   RO         1524    i.HAL_RCCEx_GetPLL1ClockFreq  stm32h7xx_hal_rcc_ex.o
    0x08005f24   0x08005f24   0x00000230   Code   RO         1525    i.HAL_RCCEx_GetPLL2ClockFreq  stm32h7xx_hal_rcc_ex.o
    0x08006154   0x08006154   0x00000230   Code   RO         1526    i.HAL_RCCEx_GetPLL3ClockFreq  stm32h7xx_hal_rcc_ex.o
    0x08006384   0x08006384   0x000008b0   Code   RO         1528    i.HAL_RCCEx_GetPeriphCLKFreq  stm32h7xx_hal_rcc_ex.o
    0x08006c34   0x08006c34   0x00000d68   Code   RO         1532    i.HAL_RCCEx_PeriphCLKConfig  stm32h7xx_hal_rcc_ex.o
    0x0800799c   0x0800799c   0x00000320   Code   RO         1408    i.HAL_RCC_ClockConfig  stm32h7xx_hal_rcc.o
    0x08007cbc   0x08007cbc   0x0000004c   Code   RO         1413    i.HAL_RCC_GetHCLKFreq  stm32h7xx_hal_rcc.o
    0x08007d08   0x08007d08   0x00000024   Code   RO         1415    i.HAL_RCC_GetPCLK1Freq  stm32h7xx_hal_rcc.o
    0x08007d2c   0x08007d2c   0x00000024   Code   RO         1416    i.HAL_RCC_GetPCLK2Freq  stm32h7xx_hal_rcc.o
    0x08007d50   0x08007d50   0x0000022c   Code   RO         1417    i.HAL_RCC_GetSysClockFreq  stm32h7xx_hal_rcc.o
    0x08007f7c   0x08007f7c   0x00000858   Code   RO         1420    i.HAL_RCC_OscConfig  stm32h7xx_hal_rcc.o
    0x080087d4   0x080087d4   0x00000034   Code   RO         2845    i.HAL_SYSTICK_Config  stm32h7xx_hal_cortex.o
    0x08008808   0x08008808   0x00000002   Code   RO         5971    i.HAL_TIMEx_Break2Callback  stm32h7xx_hal_tim_ex.o
    0x0800880a   0x0800880a   0x00000002   Code   RO         5972    i.HAL_TIMEx_BreakCallback  stm32h7xx_hal_tim_ex.o
    0x0800880c   0x0800880c   0x00000002   Code   RO         5973    i.HAL_TIMEx_CommutCallback  stm32h7xx_hal_tim_ex.o
    0x0800880e   0x0800880e   0x00000002   PAD
    0x08008810   0x08008810   0x000000cc   Code   RO         5993    i.HAL_TIMEx_MasterConfigSynchronization  stm32h7xx_hal_tim_ex.o
    0x080088dc   0x080088dc   0x0000006e   Code   RO         5246    i.HAL_TIM_Base_Init  stm32h7xx_hal_tim.o
    0x0800894a   0x0800894a   0x00000002   PAD
    0x0800894c   0x0800894c   0x000000b8   Code   RO          487    i.HAL_TIM_Base_MspInit  tim.o
    0x08008a04   0x08008a04   0x000000b4   Code   RO         5251    i.HAL_TIM_Base_Start_IT  stm32h7xx_hal_tim.o
    0x08008ab8   0x08008ab8   0x00000134   Code   RO         5255    i.HAL_TIM_ConfigClockSource  stm32h7xx_hal_tim.o
    0x08008bec   0x08008bec   0x00000002   Code   RO         5280    i.HAL_TIM_IC_CaptureCallback  stm32h7xx_hal_tim.o
    0x08008bee   0x08008bee   0x00000198   Code   RO         5294    i.HAL_TIM_IRQHandler  stm32h7xx_hal_tim.o
    0x08008d86   0x08008d86   0x00000090   Code   RO         5295    i.HAL_TIM_OC_ConfigChannel  stm32h7xx_hal_tim.o
    0x08008e16   0x08008e16   0x00000002   Code   RO         5297    i.HAL_TIM_OC_DelayElapsedCallback  stm32h7xx_hal_tim.o
    0x08008e18   0x08008e18   0x0000006e   Code   RO         5299    i.HAL_TIM_OC_Init   stm32h7xx_hal_tim.o
    0x08008e86   0x08008e86   0x00000002   Code   RO         5301    i.HAL_TIM_OC_MspInit  stm32h7xx_hal_tim.o
    0x08008e88   0x08008e88   0x00000002   Code   RO         5324    i.HAL_TIM_PWM_PulseFinishedCallback  stm32h7xx_hal_tim.o
    0x08008e8a   0x08008e8a   0x00000002   Code   RO         5332    i.HAL_TIM_PeriodElapsedCallback  stm32h7xx_hal_tim.o
    0x08008e8c   0x08008e8c   0x00000002   Code   RO         5337    i.HAL_TIM_TriggerCallback  stm32h7xx_hal_tim.o
    0x08008e8e   0x08008e8e   0x0000004e   Code   RO         6687    i.HAL_UARTEx_DisableFifoMode  stm32h7xx_hal_uart_ex.o
    0x08008edc   0x08008edc   0x00000002   Code   RO         6271    i.HAL_UARTEx_RxEventCallback  stm32h7xx_hal_uart.o
    0x08008ede   0x08008ede   0x00000002   Code   RO         6695    i.HAL_UARTEx_RxFifoFullCallback  stm32h7xx_hal_uart_ex.o
    0x08008ee0   0x08008ee0   0x0000005e   Code   RO         6696    i.HAL_UARTEx_SetRxFifoThreshold  stm32h7xx_hal_uart_ex.o
    0x08008f3e   0x08008f3e   0x0000005e   Code   RO         6697    i.HAL_UARTEx_SetTxFifoThreshold  stm32h7xx_hal_uart_ex.o
    0x08008f9c   0x08008f9c   0x00000002   Code   RO         6699    i.HAL_UARTEx_TxFifoEmptyCallback  stm32h7xx_hal_uart_ex.o
    0x08008f9e   0x08008f9e   0x00000002   Code   RO         6700    i.HAL_UARTEx_WakeupCallback  stm32h7xx_hal_uart_ex.o
    0x08008fa0   0x08008fa0   0x00000002   Code   RO         6287    i.HAL_UART_ErrorCallback  stm32h7xx_hal_uart.o
    0x08008fa2   0x08008fa2   0x00000002   PAD
    0x08008fa4   0x08008fa4   0x00000494   Code   RO         6290    i.HAL_UART_IRQHandler  stm32h7xx_hal_uart.o
    0x08009438   0x08009438   0x00000078   Code   RO         6291    i.HAL_UART_Init     stm32h7xx_hal_uart.o
    0x080094b0   0x080094b0   0x0000012c   Code   RO          541    i.HAL_UART_MspInit  usart.o
    0x080095dc   0x080095dc   0x000000c2   Code   RO         6300    i.HAL_UART_Transmit  stm32h7xx_hal_uart.o
    0x0800969e   0x0800969e   0x00000002   Code   RO         6303    i.HAL_UART_TxCpltCallback  stm32h7xx_hal_uart.o
    0x080096a0   0x080096a0   0x000002a4   Code   RO         7181    i.HRPWM_Control     pwm_control.o
    0x08009944   0x08009944   0x00000080   Code   RO         4621    i.HRTIM_ForceRegistersUpdate  stm32h7xx_hal_hrtim.o
    0x080099c4   0x080099c4   0x00000028   Code   RO         4626    i.HRTIM_MasterBase_Config  stm32h7xx_hal_hrtim.o
    0x080099ec   0x080099ec   0x0000005c   Code   RO         4627    i.HRTIM_MasterWaveform_Config  stm32h7xx_hal_hrtim.o
    0x08009a48   0x08009a48   0x000000f2   Code   RO         4629    i.HRTIM_OutputConfig  stm32h7xx_hal_hrtim.o
    0x08009b3a   0x08009b3a   0x00000040   Code   RO         4632    i.HRTIM_TimingUnitBase_Config  stm32h7xx_hal_hrtim.o
    0x08009b7a   0x08009b7a   0x000001e2   Code   RO         4633    i.HRTIM_TimingUnitWaveform_Config  stm32h7xx_hal_hrtim.o
    0x08009d5c   0x08009d5c   0x00000004   Code   RO          595    i.HardFault_Handler  stm32h7xx_it.o
    0x08009d60   0x08009d60   0x00000028   Code   RO         3354    i.I2C_Flush_TXDR    stm32h7xx_hal_i2c.o
    0x08009d88   0x08009d88   0x00000130   Code   RO         3362    i.I2C_IsErrorOccurred  stm32h7xx_hal_i2c.o
    0x08009eb8   0x08009eb8   0x0000007c   Code   RO         3368    i.I2C_RequestMemoryWrite  stm32h7xx_hal_i2c.o
    0x08009f34   0x08009f34   0x00000038   Code   RO         3371    i.I2C_TransferConfig  stm32h7xx_hal_i2c.o
    0x08009f6c   0x08009f6c   0x00000082   Code   RO         3373    i.I2C_WaitOnFlagUntilTimeout  stm32h7xx_hal_i2c.o
    0x08009fee   0x08009fee   0x00000060   Code   RO         3375    i.I2C_WaitOnSTOPFlagUntilTimeout  stm32h7xx_hal_i2c.o
    0x0800a04e   0x0800a04e   0x00000064   Code   RO         3376    i.I2C_WaitOnTXISFlagUntilTimeout  stm32h7xx_hal_i2c.o
    0x0800a0b2   0x0800a0b2   0x00000002   PAD
    0x0800a0b4   0x0800a0b4   0x00000188   Code   RO         6904    i.Init_Cap_Low_Voltage_Protection  init_task.o
    0x0800a23c   0x0800a23c   0x00000068   Code   RO         6905    i.Init_Open_Control  init_task.o
    0x0800a2a4   0x0800a2a4   0x00000130   Code   RO         6906    i.Init_PWM_Write_Open  init_task.o
    0x0800a3d4   0x0800a3d4   0x00000114   Code   RO         6907    i.Init_Task         init_task.o
    0x0800a4e8   0x0800a4e8   0x00000040   Code   RO         6968    i.KalmanCreate      lib.o
    0x0800a528   0x0800a528   0x0000005c   Code   RO         7381    i.LED_Control       task.o
    0x0800a584   0x0800a584   0x00000010   Code   RO          910    i.LL_ADC_Enable     stm32h7xx_hal_adc.o
    0x0800a594   0x0800a594   0x0000000a   Code   RO          911    i.LL_ADC_GetMultiDMATransfer  stm32h7xx_hal_adc.o
    0x0800a59e   0x0800a59e   0x0000000a   Code   RO          912    i.LL_ADC_GetMultimode  stm32h7xx_hal_adc.o
    0x0800a5a8   0x0800a5a8   0x0000000a   Code   RO          913    i.LL_ADC_INJ_IsConversionOngoing  stm32h7xx_hal_adc.o
    0x0800a5b2   0x0800a5b2   0x0000000a   Code   RO          915    i.LL_ADC_IsEnabled  stm32h7xx_hal_adc.o
    0x0800a5bc   0x0800a5bc   0x0000000a   Code   RO         1176    i.LL_ADC_IsEnabled  stm32h7xx_hal_adc_ex.o
    0x0800a5c6   0x0800a5c6   0x0000000a   Code   RO          916    i.LL_ADC_IsInternalRegulatorEnabled  stm32h7xx_hal_adc.o
    0x0800a5d0   0x0800a5d0   0x0000000a   Code   RO          917    i.LL_ADC_REG_IsConversionOngoing  stm32h7xx_hal_adc.o
    0x0800a5da   0x0800a5da   0x0000000a   Code   RO         1177    i.LL_ADC_REG_IsConversionOngoing  stm32h7xx_hal_adc_ex.o
    0x0800a5e4   0x0800a5e4   0x00000012   Code   RO          918    i.LL_ADC_REG_IsTriggerSourceSWStart  stm32h7xx_hal_adc.o
    0x0800a5f6   0x0800a5f6   0x00000002   PAD
    0x0800a5f8   0x0800a5f8   0x00000010   Code   RO          919    i.LL_ADC_REG_StartConversion  stm32h7xx_hal_adc.o
    0x0800a608   0x0800a608   0x00000028   Code   RO          921    i.LL_ADC_SetChannelSamplingTime  stm32h7xx_hal_adc.o
    0x0800a630   0x0800a630   0x0000000c   Code   RO          922    i.LL_ADC_SetCommonPathInternalCh  stm32h7xx_hal_adc.o
    0x0800a63c   0x0800a63c   0x0000012c   Code   RO          272    i.MX_ADC1_Init      adc.o
    0x0800a768   0x0800a768   0x00000034   Code   RO          312    i.MX_DMA_Init       dma.o
    0x0800a79c   0x0800a79c   0x00000088   Code   RO          338    i.MX_FDCAN1_Init    fdcan.o
    0x0800a824   0x0800a824   0x000000f8   Code   RO          242    i.MX_GPIO_Init      gpio.o
    0x0800a91c   0x0800a91c   0x000001f8   Code   RO          381    i.MX_HRTIM_Init     hrtim.o
    0x0800ab14   0x0800ab14   0x00000058   Code   RO          428    i.MX_I2C1_Init      i2c.o
    0x0800ab6c   0x0800ab6c   0x00000010   Code   RO         7037    i.MX_OLED_Init      oled.o
    0x0800ab7c   0x0800ab7c   0x000000a0   Code   RO          488    i.MX_TIM3_Init      tim.o
    0x0800ac1c   0x0800ac1c   0x00000070   Code   RO          489    i.MX_TIM4_Init      tim.o
    0x0800ac8c   0x0800ac8c   0x00000070   Code   RO          490    i.MX_TIM5_Init      tim.o
    0x0800acfc   0x0800acfc   0x0000006c   Code   RO          542    i.MX_USART2_UART_Init  usart.o
    0x0800ad68   0x0800ad68   0x0000006c   Code   RO          543    i.MX_USART3_UART_Init  usart.o
    0x0800add4   0x0800add4   0x00000058   Code   RO         7382    i.Main_Task         task.o
    0x0800ae2c   0x0800ae2c   0x00000004   Code   RO          596    i.MemManage_Handler  stm32h7xx_it.o
    0x0800ae30   0x0800ae30   0x00000004   Code   RO          597    i.NMI_Handler       stm32h7xx_it.o
    0x0800ae34   0x0800ae34   0x000000d4   Code   RO         7038    i.OLEDShowData      oled.o
    0x0800af08   0x0800af08   0x0000000a   Code   RO         7039    i.OLED_CLS          oled.o
    0x0800af12   0x0800af12   0x0000003a   Code   RO         7041    i.OLED_Fill         oled.o
    0x0800af4c   0x0800af4c   0x000000b8   Code   RO         7042    i.OLED_Init         oled.o
    0x0800b004   0x0800b004   0x00000016   Code   RO         7044    i.OLED_ON           oled.o
    0x0800b01a   0x0800b01a   0x00000028   Code   RO         7045    i.OLED_SetPos       oled.o
    0x0800b042   0x0800b042   0x00000002   PAD
    0x0800b044   0x0800b044   0x000000ec   Code   RO         7049    i.OLED_ShowStr      oled.o
    0x0800b130   0x0800b130   0x00000020   Code   RO         7183    i.PWM_Task          pwm_control.o
    0x0800b150   0x0800b150   0x00000480   Code   RO         7050    i.Page_1            oled.o
    0x0800b5d0   0x0800b5d0   0x000001dc   Code   RO         7051    i.Page_2            oled.o
    0x0800b7ac   0x0800b7ac   0x00000002   Code   RO          598    i.PendSV_Handler    stm32h7xx_it.o
    0x0800b7ae   0x0800b7ae   0x00000002   PAD
    0x0800b7b0   0x0800b7b0   0x00000208   Code   RO         7184    i.Power_Limit_Loop  pwm_control.o
    0x0800b9b8   0x0800b9b8   0x00000144   Code   RO         7383    i.Protect_Function  task.o
    0x0800bafc   0x0800bafc   0x00000164   Code   RO         1535    i.RCCEx_PLL2_Config  stm32h7xx_hal_rcc_ex.o
    0x0800bc60   0x0800bc60   0x00000164   Code   RO         1536    i.RCCEx_PLL3_Config  stm32h7xx_hal_rcc_ex.o
    0x0800bdc4   0x0800bdc4   0x00000002   Code   RO          599    i.SVC_Handler       stm32h7xx_it.o
    0x0800bdc6   0x0800bdc6   0x00000008   Code   RO          600    i.SysTick_Handler   stm32h7xx_it.o
    0x0800bdce   0x0800bdce   0x00000002   PAD
    0x0800bdd0   0x0800bdd0   0x00000138   Code   RO           15    i.SystemClock_Config  main.o
    0x0800bf08   0x0800bf08   0x000000fc   Code   RO         6811    i.SystemInit        system_stm32h7xx.o
    0x0800c004   0x0800c004   0x00000030   Code   RO          601    i.TIM3_IRQHandler   stm32h7xx_it.o
    0x0800c034   0x0800c034   0x00000030   Code   RO          602    i.TIM4_IRQHandler   stm32h7xx_it.o
    0x0800c064   0x0800c064   0x00000030   Code   RO          603    i.TIM5_IRQHandler   stm32h7xx_it.o
    0x0800c094   0x0800c094   0x000000dc   Code   RO         5339    i.TIM_Base_SetConfig  stm32h7xx_hal_tim.o
    0x0800c170   0x0800c170   0x00000016   Code   RO         5350    i.TIM_ETR_SetConfig  stm32h7xx_hal_tim.o
    0x0800c186   0x0800c186   0x00000002   PAD
    0x0800c188   0x0800c188   0x00000018   Code   RO         5351    i.TIM_ITRx_SetConfig  stm32h7xx_hal_tim.o
    0x0800c1a0   0x0800c1a0   0x000000ac   Code   RO         5352    i.TIM_OC1_SetConfig  stm32h7xx_hal_tim.o
    0x0800c24c   0x0800c24c   0x000000b4   Code   RO         5353    i.TIM_OC2_SetConfig  stm32h7xx_hal_tim.o
    0x0800c300   0x0800c300   0x000000b4   Code   RO         5354    i.TIM_OC3_SetConfig  stm32h7xx_hal_tim.o
    0x0800c3b4   0x0800c3b4   0x00000074   Code   RO         5355    i.TIM_OC4_SetConfig  stm32h7xx_hal_tim.o
    0x0800c428   0x0800c428   0x00000070   Code   RO         5356    i.TIM_OC5_SetConfig  stm32h7xx_hal_tim.o
    0x0800c498   0x0800c498   0x00000070   Code   RO         5357    i.TIM_OC6_SetConfig  stm32h7xx_hal_tim.o
    0x0800c508   0x0800c508   0x00000026   Code   RO         5359    i.TIM_TI1_ConfigInputStage  stm32h7xx_hal_tim.o
    0x0800c52e   0x0800c52e   0x00000028   Code   RO         5361    i.TIM_TI2_ConfigInputStage  stm32h7xx_hal_tim.o
    0x0800c556   0x0800c556   0x00000002   PAD
    0x0800c558   0x0800c558   0x000000d4   Code   RO         7384    i.Transmit_Task     task.o
    0x0800c62c   0x0800c62c   0x00000058   Code   RO         6701    i.UARTEx_SetNbDataToProcess  stm32h7xx_hal_uart_ex.o
    0x0800c684   0x0800c684   0x000000f8   Code   RO         6305    i.UART_AdvFeatureConfig  stm32h7xx_hal_uart.o
    0x0800c77c   0x0800c77c   0x000000ea   Code   RO         6306    i.UART_CheckIdleState  stm32h7xx_hal_uart.o
    0x0800c866   0x0800c866   0x00000018   Code   RO         6307    i.UART_DMAAbortOnError  stm32h7xx_hal_uart.o
    0x0800c87e   0x0800c87e   0x00000002   PAD
    0x0800c880   0x0800c880   0x0000006c   Code   RO         6317    i.UART_EndRxTransfer  stm32h7xx_hal_uart.o
    0x0800c8ec   0x0800c8ec   0x00000030   Code   RO         6318    i.UART_EndTransmit_IT  stm32h7xx_hal_uart.o
    0x0800c91c   0x0800c91c   0x0000058c   Code   RO         6324    i.UART_SetConfig    stm32h7xx_hal_uart.o
    0x0800cea8   0x0800cea8   0x000000ac   Code   RO         6331    i.UART_WaitOnFlagUntilTimeout  stm32h7xx_hal_uart.o
    0x0800cf54   0x0800cf54   0x00000010   Code   RO          604    i.USART3_IRQHandler  stm32h7xx_it.o
    0x0800cf64   0x0800cf64   0x00000004   Code   RO          605    i.UsageFault_Handler  stm32h7xx_it.o
    0x0800cf68   0x0800cf68   0x00000024   Code   RO         7052    i.WriteCmd          oled.o
    0x0800cf8c   0x0800cf8c   0x00000024   Code   RO         7053    i.WriteDat          oled.o
    0x0800cfb0   0x0800cfb0   0x00000010   Code   RO         2847    i.__NVIC_GetPriorityGrouping  stm32h7xx_hal_cortex.o
    0x0800cfc0   0x0800cfc0   0x00000028   Code   RO         2848    i.__NVIC_SetPriority  stm32h7xx_hal_cortex.o
    0x0800cfe8   0x0800cfe8   0x00000024   Code   RO         6971    i.first_order_filter_init  lib.o
    0x0800d00c   0x0800d00c   0x00000018   Code   RO         7185    i.hrpwm_tim         pwm_control.o
    0x0800d024   0x0800d024   0x00000040   Code   RO           16    i.main              main.o
    0x0800d064   0x0800d064   0x00000064   Code   RO         7055    i.oled_task         oled.o
    0x0800d0c8   0x0800d0c8   0x0000009c   Code   RO         6908    i.pid_init          init_task.o
    0x0800d164   0x0800d164   0x00000044   Code   RO         6850    i.receive           bsp_can_fd_1.o
    0x0800d1a8   0x0800d1a8   0x00000100   Code   RO         7385    i.sent_data         task.o
    0x0800d2a8   0x0800d2a8   0x000000f8   Code   RO         6974    i.velocity_control_angle  lib.o
    0x0800d3a0   0x0800d3a0   0x0000000a   Code   RO         7669    x$fpl$fpinit        fz_wv.l(fpinit.o)
    0x0800d3aa   0x0800d3aa   0x00000008   Data   RO         2136    .constdata          stm32h7xx_hal_dma.o
    0x0800d3b2   0x0800d3b2   0x00000002   PAD
    0x0800d3b4   0x0800d3b4   0x0000005c   Data   RO         3994    .constdata          stm32h7xx_hal_fdcan.o
    0x0800d410   0x0800d410   0x00000018   Data   RO         6332    .constdata          stm32h7xx_hal_uart.o
    0x0800d428   0x0800d428   0x00000010   Data   RO         6703    .constdata          stm32h7xx_hal_uart_ex.o
    0x0800d438   0x0800d438   0x00000010   Data   RO         6812    .constdata          system_stm32h7xx.o
    0x0800d448   0x0800d448   0x00000818   Data   RO         7057    .constdata          oled.o
    0x0800dc60   0x0800dc60   0x00000020   Data   RO         7727    Region$$Table       anon$$obj.o


    Execution Region RW_IRAM1 (Exec base: 0x20000000, Load base: 0x0800dc80, Size: 0x00000000, Max: 0x00020000, ABSOLUTE)

    **** No section assigned to this execution region ****


    Execution Region RW_IRAM2 (Exec base: 0x24000000, Load base: 0x0800dc80, Size: 0x00001788, Max: 0x00080000, ABSOLUTE, COMPRESSED[0x00000358])

    Exec Addr    Load Addr    Size         Type   Attr      Idx    E Section Name        Object

    0x24000000   COMPRESSED   0x00000010   Data   RW           18    .data               main.o
    0x24000010   COMPRESSED   0x00000009   Data   RW         3032    .data               stm32h7xx_hal.o
    0x24000019   COMPRESSED   0x00000003   PAD
    0x2400001c   COMPRESSED   0x00000008   Data   RW         6813    .data               system_stm32h7xx.o
    0x24000024   COMPRESSED   0x0000000c   Data   RW         6852    .data               bsp_can_fd_1.o
    0x24000030   COMPRESSED   0x00000004   Data   RW         6910    .data               init_task.o
    0x24000034   COMPRESSED   0x000006a2   Data   RW         7058    .data               oled.o
    0x240006d6   COMPRESSED   0x00000002   PAD
    0x240006d8   COMPRESSED   0x00000038   Data   RW         7387    .data               task.o
    0x24000710        -       0x00000050   Zero   RW           17    .bss                main.o
    0x24000760        -       0x000000dc   Zero   RW          273    .bss                adc.o
    0x2400083c        -       0x000000ec   Zero   RW          339    .bss                fdcan.o
    0x24000928        -       0x000000dc   Zero   RW          382    .bss                hrtim.o
    0x24000a04        -       0x00000054   Zero   RW          429    .bss                i2c.o
    0x24000a58        -       0x000000e4   Zero   RW          491    .bss                tim.o
    0x24000b3c        -       0x00000128   Zero   RW          544    .bss                usart.o
    0x24000c64        -       0x00000024   Zero   RW         6851    .bss                bsp_can_fd_1.o
    0x24000c88        -       0x00000028   Zero   RW         6909    .bss                init_task.o
    0x24000cb0        -       0x00000364   Zero   RW         6976    .bss                lib.o
    0x24001014        -       0x0000000a   Zero   RW         7056    .bss                oled.o
    0x2400101e   COMPRESSED   0x00000002   PAD
    0x24001020        -       0x00000068   Zero   RW         7186    .bss                pwm_control.o
    0x24001088        -       0x0000009c   Zero   RW         7386    .bss                task.o
    0x24001124        -       0x00000060   Zero   RW         7585    .bss                c_w.l(libspace.o)
    0x24001184   COMPRESSED   0x00000004   PAD
    0x24001188        -       0x00000200   Zero   RW            2    HEAP                startup_stm32h743xx.o
    0x24001388        -       0x00000400   Zero   RW            1    STACK               startup_stm32h743xx.o


==============================================================================

Image component sizes


      Code (inc. data)   RO Data    RW Data    ZI Data      Debug   Object Name

       676         58          0          0        220       2335   adc.o
       468         54          0         12         36       3880   bsp_can_fd_1.o
        52          4          0          0          0        890   dma.o
       312         24          0          0        236       2035   fdcan.o
       248         14          0          0          0       1151   gpio.o
       748         36          0          0        220       2993   hrtim.o
       244         26          0          0         84       1861   i2c.o
      1232        240          0          4         40       3599   init_task.o
       408         14          0          0        868       5144   lib.o
       486         24          0         16         80    1441281   main.o
      2578        280       2072       1698         10       8820   oled.o
      1252        142          0          0        104       3228   pwm_control.o
        64         26        664          0       1536        848   startup_stm32h743xx.o
       272         52          0          9          0      23432   stm32h7xx_hal.o
      4092        242          0          0          0      80402   stm32h7xx_hal_adc.o
       386         20          0          0          0      66120   stm32h7xx_hal_adc_ex.o
       310         22          0          0          0      40063   stm32h7xx_hal_cortex.o
      8662        168          8          0          0      13358   stm32h7xx_hal_dma.o
      3584         54         92          0          0      23400   stm32h7xx_hal_fdcan.o
       548         56          0          0          0       2879   stm32h7xx_hal_gpio.o
      2496         30          0          0          0      13560   stm32h7xx_hal_hrtim.o
      1474         20          0          0          0       9803   stm32h7xx_hal_i2c.o
       210          0          0          0          0       2083   stm32h7xx_hal_i2c_ex.o
        36          4          0          0          0        942   stm32h7xx_hal_msp.o
        96          6          0          0          0        777   stm32h7xx_hal_pwr_ex.o
      3640        114          0          0          0       7040   stm32h7xx_hal_rcc.o
      8084        186          0          0          0      10963   stm32h7xx_hal_rcc_ex.o
      2488        236          0          0          0      17261   stm32h7xx_hal_tim.o
       210         30          0          0          0       3276   stm32h7xx_hal_tim_ex.o
      3746        148         24          0          0      31732   stm32h7xx_hal_uart.o
       360         10         16          0          0       5582   stm32h7xx_hal_uart_ex.o
       262         60          0          0          0       8553   stm32h7xx_it.o
       252         40         16          8          0       1414   system_stm32h7xx.o
      1644        260          0         56        156       7500   task.o
       568         46          0          0        228       3308   tim.o
       516         42          0          0        296       2639   usart.o

    ----------------------------------------------------------------------
     52748       2788       2926       1808       4116    1854152   Object Totals
         0          0         32          0          0          0   (incl. Generated)
        44          0          2          5          2          0   (incl. Padding)

    ----------------------------------------------------------------------

      Code (inc. data)   RO Data    RW Data    ZI Data      Debug   Library Member Name

        90          0          0          0          0          0   __dczerorl2.o
         8          0          0          0          0         68   __main.o
         0          0          0          0          0          0   __rtentry.o
        12          0          0          0          0          0   __rtentry2.o
         6          0          0          0          0          0   __rtentry4.o
        52          8          0          0          0          0   __scatter.o
        28          0          0          0          0          0   __scatter_zi.o
        18          0          0          0          0         80   exit.o
         6          0          0          0          0        152   heapauxi.o
         0          0          0          0          0          0   indicate_semi.o
         2          0          0          0          0          0   libinit.o
         6          0          0          0          0          0   libinit2.o
         2          0          0          0          0          0   libshutdown.o
         2          0          0          0          0          0   libshutdown2.o
         8          4          0          0         96         68   libspace.o
       238          0          0          0          0        100   lludivv7m.o
        78          0          0          0          0         80   rt_memclr_w.o
       100          0          0          0          0         80   rt_memcpy_w.o
         2          0          0          0          0          0   rtexit.o
        10          0          0          0          0          0   rtexit2.o
        12          4          0          0          0         68   sys_exit.o
        74          0          0          0          0         80   sys_stackheap_outer.o
         2          0          0          0          0         68   use_no_semi.o
        10          0          0          0          0        116   fpinit.o

    ----------------------------------------------------------------------
       774         16          0          0        100        960   Library Totals
         8          0          0          0          4          0   (incl. Padding)

    ----------------------------------------------------------------------

      Code (inc. data)   RO Data    RW Data    ZI Data      Debug   Library Name

       756         16          0          0         96        844   c_w.l
        10          0          0          0          0        116   fz_wv.l

    ----------------------------------------------------------------------
       774         16          0          0        100        960   Library Totals

    ----------------------------------------------------------------------

==============================================================================


      Code (inc. data)   RO Data    RW Data    ZI Data      Debug   

     53522       2804       2926       1808       4216    1831000   Grand Totals
     53522       2804       2926        856       4216    1831000   ELF Image Totals (compressed)
     53522       2804       2926        856          0          0   ROM Totals

==============================================================================

    Total RO  Size (Code + RO Data)                56448 (  55.13kB)
    Total RW  Size (RW Data + ZI Data)              6024 (   5.88kB)
    Total ROM Size (Code + RO Data + RW Data)      57304 (  55.96kB)

==============================================================================

